Archive member included to satisfy reference by file (symbol)

p:/cad/stm32cubeide_1.3.0/stm32cubeide/plugins/com.st.stm32cube.ide.mcu.externaltools.gnu-tools-for-stm32.7-2018-q2-update.win32_1.0.0.201904181610/tools/bin/../lib/gcc/arm-none-eabi/7.3.1/../../../../arm-none-eabi/lib/thumb/v7-m\libc_nano.a(lib_a-errno.o)
                              Core/Src/syscalls.o (__errno)
p:/cad/stm32cubeide_1.3.0/stm32cubeide/plugins/com.st.stm32cube.ide.mcu.externaltools.gnu-tools-for-stm32.7-2018-q2-update.win32_1.0.0.201904181610/tools/bin/../lib/gcc/arm-none-eabi/7.3.1/../../../../arm-none-eabi/lib/thumb/v7-m\libc_nano.a(lib_a-exit.o)
                              p:/cad/stm32cubeide_1.3.0/stm32cubeide/plugins/com.st.stm32cube.ide.mcu.externaltools.gnu-tools-for-stm32.7-2018-q2-update.win32_1.0.0.201904181610/tools/bin/../lib/gcc/arm-none-eabi/7.3.1/../../../../arm-none-eabi/lib/thumb/v7-m/crt0.o (exit)
p:/cad/stm32cubeide_1.3.0/stm32cubeide/plugins/com.st.stm32cube.ide.mcu.externaltools.gnu-tools-for-stm32.7-2018-q2-update.win32_1.0.0.201904181610/tools/bin/../lib/gcc/arm-none-eabi/7.3.1/../../../../arm-none-eabi/lib/thumb/v7-m\libc_nano.a(lib_a-impure.o)
                              p:/cad/stm32cubeide_1.3.0/stm32cubeide/plugins/com.st.stm32cube.ide.mcu.externaltools.gnu-tools-for-stm32.7-2018-q2-update.win32_1.0.0.201904181610/tools/bin/../lib/gcc/arm-none-eabi/7.3.1/../../../../arm-none-eabi/lib/thumb/v7-m\libc_nano.a(lib_a-exit.o) (_global_impure_ptr)
p:/cad/stm32cubeide_1.3.0/stm32cubeide/plugins/com.st.stm32cube.ide.mcu.externaltools.gnu-tools-for-stm32.7-2018-q2-update.win32_1.0.0.201904181610/tools/bin/../lib/gcc/arm-none-eabi/7.3.1/../../../../arm-none-eabi/lib/thumb/v7-m\libc_nano.a(lib_a-init.o)
                              p:/cad/stm32cubeide_1.3.0/stm32cubeide/plugins/com.st.stm32cube.ide.mcu.externaltools.gnu-tools-for-stm32.7-2018-q2-update.win32_1.0.0.201904181610/tools/bin/../lib/gcc/arm-none-eabi/7.3.1/../../../../arm-none-eabi/lib/thumb/v7-m/crt0.o (__libc_init_array)
p:/cad/stm32cubeide_1.3.0/stm32cubeide/plugins/com.st.stm32cube.ide.mcu.externaltools.gnu-tools-for-stm32.7-2018-q2-update.win32_1.0.0.201904181610/tools/bin/../lib/gcc/arm-none-eabi/7.3.1/../../../../arm-none-eabi/lib/thumb/v7-m\libc_nano.a(lib_a-malloc.o)
                              Middlewares/ST/STM32_USB_Device_Library/Class/DFU/Src/usbd_dfu.o (malloc)
p:/cad/stm32cubeide_1.3.0/stm32cubeide/plugins/com.st.stm32cube.ide.mcu.externaltools.gnu-tools-for-stm32.7-2018-q2-update.win32_1.0.0.201904181610/tools/bin/../lib/gcc/arm-none-eabi/7.3.1/../../../../arm-none-eabi/lib/thumb/v7-m\libc_nano.a(lib_a-memset.o)
                              p:/cad/stm32cubeide_1.3.0/stm32cubeide/plugins/com.st.stm32cube.ide.mcu.externaltools.gnu-tools-for-stm32.7-2018-q2-update.win32_1.0.0.201904181610/tools/bin/../lib/gcc/arm-none-eabi/7.3.1/../../../../arm-none-eabi/lib/thumb/v7-m/crt0.o (memset)
p:/cad/stm32cubeide_1.3.0/stm32cubeide/plugins/com.st.stm32cube.ide.mcu.externaltools.gnu-tools-for-stm32.7-2018-q2-update.win32_1.0.0.201904181610/tools/bin/../lib/gcc/arm-none-eabi/7.3.1/../../../../arm-none-eabi/lib/thumb/v7-m\libc_nano.a(lib_a-nano-freer.o)
                              p:/cad/stm32cubeide_1.3.0/stm32cubeide/plugins/com.st.stm32cube.ide.mcu.externaltools.gnu-tools-for-stm32.7-2018-q2-update.win32_1.0.0.201904181610/tools/bin/../lib/gcc/arm-none-eabi/7.3.1/../../../../arm-none-eabi/lib/thumb/v7-m\libc_nano.a(lib_a-malloc.o) (_free_r)
p:/cad/stm32cubeide_1.3.0/stm32cubeide/plugins/com.st.stm32cube.ide.mcu.externaltools.gnu-tools-for-stm32.7-2018-q2-update.win32_1.0.0.201904181610/tools/bin/../lib/gcc/arm-none-eabi/7.3.1/../../../../arm-none-eabi/lib/thumb/v7-m\libc_nano.a(lib_a-nano-mallocr.o)
                              p:/cad/stm32cubeide_1.3.0/stm32cubeide/plugins/com.st.stm32cube.ide.mcu.externaltools.gnu-tools-for-stm32.7-2018-q2-update.win32_1.0.0.201904181610/tools/bin/../lib/gcc/arm-none-eabi/7.3.1/../../../../arm-none-eabi/lib/thumb/v7-m\libc_nano.a(lib_a-malloc.o) (_malloc_r)
p:/cad/stm32cubeide_1.3.0/stm32cubeide/plugins/com.st.stm32cube.ide.mcu.externaltools.gnu-tools-for-stm32.7-2018-q2-update.win32_1.0.0.201904181610/tools/bin/../lib/gcc/arm-none-eabi/7.3.1/../../../../arm-none-eabi/lib/thumb/v7-m\libc_nano.a(lib_a-sbrkr.o)
                              p:/cad/stm32cubeide_1.3.0/stm32cubeide/plugins/com.st.stm32cube.ide.mcu.externaltools.gnu-tools-for-stm32.7-2018-q2-update.win32_1.0.0.201904181610/tools/bin/../lib/gcc/arm-none-eabi/7.3.1/../../../../arm-none-eabi/lib/thumb/v7-m\libc_nano.a(lib_a-nano-mallocr.o) (_sbrk_r)
p:/cad/stm32cubeide_1.3.0/stm32cubeide/plugins/com.st.stm32cube.ide.mcu.externaltools.gnu-tools-for-stm32.7-2018-q2-update.win32_1.0.0.201904181610/tools/bin/../lib/gcc/arm-none-eabi/7.3.1/../../../../arm-none-eabi/lib/thumb/v7-m\libc_nano.a(lib_a-mlock.o)
[...]
Memory Configuration

Name             Origin             Length             Attributes
RAM              0x0000000020000000 0x0000000000020000 xrw
FLASH            0x0000000008000000 0x0000000000004000 xr
*default*        0x0000000000000000 0xffffffffffffffff

Linker script and memory map

LOAD p:/cad/stm32cubeide_1.3.0/stm32cubeide/plugins/com.st.stm32cube.ide.mcu.externaltools.gnu-tools-for-stm32.7-2018-q2-update.win32_1.0.0.201904181610/tools/bin/../lib/gcc/arm-none-eabi/7.3.1/thumb/v7-m/crti.o
LOAD p:/cad/stm32cubeide_1.3.0/stm32cubeide/plugins/com.st.stm32cube.ide.mcu.externaltools.gnu-tools-for-stm32.7-2018-q2-update.win32_1.0.0.201904181610/tools/bin/../lib/gcc/arm-none-eabi/7.3.1/thumb/v7-m/crtbegin.o
LOAD p:/cad/stm32cubeide_1.3.0/stm32cubeide/plugins/com.st.stm32cube.ide.mcu.externaltools.gnu-tools-for-stm32.7-2018-q2-update.win32_1.0.0.201904181610/tools/bin/../lib/gcc/arm-none-eabi/7.3.1/../../../../arm-none-eabi/lib/thumb/v7-m/crt0.o
LOAD Core/Src/main.o
LOAD Core/Src/stm32f2xx_hal_msp.o
LOAD Core/Src/stm32f2xx_it.o
LOAD Core/Src/syscalls.o
LOAD Core/Src/sysmem.o
LOAD Core/Src/system_stm32f2xx.o
LOAD Core/Startup/startup_stm32f207zgtx.o
LOAD Drivers/STM32F2xx_HAL_Driver/Src/stm32f2xx_hal.o
LOAD Drivers/STM32F2xx_HAL_Driver/Src/stm32f2xx_hal_cortex.o
LOAD Drivers/STM32F2xx_HAL_Driver/Src/stm32f2xx_hal_dma.o
LOAD Drivers/STM32F2xx_HAL_Driver/Src/stm32f2xx_hal_dma_ex.o
LOAD Drivers/STM32F2xx_HAL_Driver/Src/stm32f2xx_hal_exti.o
LOAD Drivers/STM32F2xx_HAL_Driver/Src/stm32f2xx_hal_flash.o
LOAD Drivers/STM32F2xx_HAL_Driver/Src/stm32f2xx_hal_flash_ex.o
LOAD Drivers/STM32F2xx_HAL_Driver/Src/stm32f2xx_hal_gpio.o
LOAD Drivers/STM32F2xx_HAL_Driver/Src/stm32f2xx_hal_pcd.o
LOAD Drivers/STM32F2xx_HAL_Driver/Src/stm32f2xx_hal_pcd_ex.o
LOAD Drivers/STM32F2xx_HAL_Driver/Src/stm32f2xx_hal_pwr.o
LOAD Drivers/STM32F2xx_HAL_Driver/Src/stm32f2xx_hal_pwr_ex.o
LOAD Drivers/STM32F2xx_HAL_Driver/Src/stm32f2xx_hal_rcc.o
LOAD Drivers/STM32F2xx_HAL_Driver/Src/stm32f2xx_hal_rcc_ex.o
LOAD Drivers/STM32F2xx_HAL_Driver/Src/stm32f2xx_hal_tim.o
LOAD Drivers/STM32F2xx_HAL_Driver/Src/stm32f2xx_hal_tim_ex.o
LOAD Drivers/STM32F2xx_HAL_Driver/Src/stm32f2xx_ll_usb.o
LOAD Middlewares/ST/STM32_USB_Device_Library/Class/DFU/Src/usbd_dfu.o
LOAD Middlewares/ST/STM32_USB_Device_Library/Core/Src/usbd_core.o
LOAD Middlewares/ST/STM32_USB_Device_Library/Core/Src/usbd_ctlreq.o
LOAD Middlewares/ST/STM32_USB_Device_Library/Core/Src/usbd_ioreq.o
LOAD USB_DEVICE/App/usb_device.o
LOAD USB_DEVICE/App/usbd_desc.o
LOAD USB_DEVICE/App/usbd_dfu_if.o
LOAD USB_DEVICE/Target/usbd_conf.o
START GROUP
LOAD p:/cad/stm32cubeide_1.3.0/stm32cubeide/plugins/com.st.stm32cube.ide.mcu.externaltools.gnu-tools-for-stm32.7-2018-q2-update.win32_1.0.0.201904181610/tools/bin/../lib/gcc/arm-none-eabi/7.3.1/../../../../arm-none-eabi/lib/thumb/v7-m\libc_nano.a
LOAD p:/cad/stm32cubeide_1.3.0/stm32cubeide/plugins/com.st.stm32cube.ide.mcu.externaltools.gnu-tools-for-stm32.7-2018-q2-update.win32_1.0.0.201904181610/tools/bin/../lib/gcc/arm-none-eabi/7.3.1/../../../../arm-none-eabi/lib/thumb/v7-m\libm.a
END GROUP
START GROUP
LOAD p:/cad/stm32cubeide_1.3.0/stm32cubeide/plugins/com.st.stm32cube.ide.mcu.externaltools.gnu-tools-for-stm32.7-2018-q2-update.win32_1.0.0.201904181610/tools/bin/../lib/gcc/arm-none-eabi/7.3.1/thumb/v7-m\libgcc.a
LOAD p:/cad/stm32cubeide_1.3.0/stm32cubeide/plugins/com.st.stm32cube.ide.mcu.externaltools.gnu-tools-for-stm32.7-2018-q2-update.win32_1.0.0.201904181610/tools/bin/../lib/gcc/arm-none-eabi/7.3.1/../../../../arm-none-eabi/lib/thumb/v7-m\libc_nano.a
END GROUP
START GROUP
LOAD p:/cad/stm32cubeide_1.3.0/stm32cubeide/plugins/com.st.stm32cube.ide.mcu.externaltools.gnu-tools-for-stm32.7-2018-q2-update.win32_1.0.0.201904181610/tools/bin/../lib/gcc/arm-none-eabi/7.3.1/thumb/v7-m\libgcc.a
LOAD p:/cad/stm32cubeide_1.3.0/stm32cubeide/plugins/com.st.stm32cube.ide.mcu.externaltools.gnu-tools-for-stm32.7-2018-q2-update.win32_1.0.0.201904181610/tools/bin/../lib/gcc/arm-none-eabi/7.3.1/../../../../arm-none-eabi/lib/thumb/v7-m\libc_nano.a
LOAD p:/cad/stm32cubeide_1.3.0/stm32cubeide/plugins/com.st.stm32cube.ide.mcu.externaltools.gnu-tools-for-stm32.7-2018-q2-update.win32_1.0.0.201904181610/tools/bin/../lib/gcc/arm-none-eabi/7.3.1/../../../../arm-none-eabi/lib/thumb/v7-m\libnosys.a
END GROUP
START GROUP
LOAD p:/cad/stm32cubeide_1.3.0/stm32cubeide/plugins/com.st.stm32cube.ide.mcu.externaltools.gnu-tools-for-stm32.7-2018-q2-update.win32_1.0.0.201904181610/tools/bin/../lib/gcc/arm-none-eabi/7.3.1/thumb/v7-m\libgcc.a
LOAD p:/cad/stm32cubeide_1.3.0/stm32cubeide/plugins/com.st.stm32cube.ide.mcu.externaltools.gnu-tools-for-stm32.7-2018-q2-update.win32_1.0.0.201904181610/tools/bin/../lib/gcc/arm-none-eabi/7.3.1/../../../../arm-none-eabi/lib/thumb/v7-m\libc_nano.a
LOAD p:/cad/stm32cubeide_1.3.0/stm32cubeide/plugins/com.st.stm32cube.ide.mcu.externaltools.gnu-tools-for-stm32.7-2018-q2-update.win32_1.0.0.201904181610/tools/bin/../lib/gcc/arm-none-eabi/7.3.1/../../../../arm-none-eabi/lib/thumb/v7-m\libnosys.a
END GROUP
LOAD p:/cad/stm32cubeide_1.3.0/stm32cubeide/plugins/com.st.stm32cube.ide.mcu.externaltools.gnu-tools-for-stm32.7-2018-q2-update.win32_1.0.0.201904181610/tools/bin/../lib/gcc/arm-none-eabi/7.3.1/thumb/v7-m/crtend.o
LOAD p:/cad/stm32cubeide_1.3.0/stm32cubeide/plugins/com.st.stm32cube.ide.mcu.externaltools.gnu-tools-for-stm32.7-2018-q2-update.win32_1.0.0.201904181610/tools/bin/../lib/gcc/arm-none-eabi/7.3.1/thumb/v7-m/crtn.o
                0x0000000020020000                _estack = (ORIGIN (RAM) + LENGTH (RAM))
                0x0000000000000200                _Min_Heap_Size = 0x200
                0x0000000000000400                _Min_Stack_Size = 0x400

.isr_vector     0x0000000008000000      0x184
                0x0000000008000000                . = ALIGN (0x4)
 *(.isr_vector)
 .isr_vector    0x0000000008000000      0x184 Core/Startup/startup_stm32f207zgtx.o
                0x0000000008000000                g_pfnVectors
                0x0000000008000184                . = ALIGN (0x4)

.text           0x0000000008000184     0x389c
                0x0000000008000184                . = ALIGN (0x4)
 *(.text)
 .text          0x0000000008000184       0x40 p:/cad/stm32cubeide_1.3.0/stm32cubeide/plugins/com.st.stm32cube.ide.mcu.externaltools.gnu-tools-for-stm32.7-2018-q2-update.win32_1.0.0.201904181610/tools/bin/../lib/gcc/arm-none-eabi/7.3.1/thumb/v7-m/crtbegin.o
 .text          0x00000000080001c4       0x30 p:/cad/stm32cubeide_1.3.0/stm32cubeide/plugins/com.st.stm32cube.ide.mcu.externaltools.gnu-tools-for-stm32.7-2018-q2-update.win32_1.0.0.201904181610/tools/bin/../lib/gcc/arm-none-eabi/7.3.1/thumb/v7-m\libgcc.a(_aeabi_uldivmod.o)
                0x00000000080001c4                __aeabi_uldivmod
 .text          0x00000000080001f4      0x2d0 p:/cad/stm32cubeide_1.3.0/stm32cubeide/plugins/com.st.stm32cube.ide.mcu.externaltools.gnu-tools-for-stm32.7-2018-q2-update.win32_1.0.0.201904181610/tools/bin/../lib/gcc/arm-none-eabi/7.3.1/thumb/v7-m\libgcc.a(_udivmoddi4.o)
                0x00000000080001f4                __udivmoddi4
 .text          0x00000000080004c4        0x4 p:/cad/stm32cubeide_1.3.0/stm32cubeide/plugins/com.st.stm32cube.ide.mcu.externaltools.gnu-tools-for-stm32.7-2018-q2-update.win32_1.0.0.201904181610/tools/bin/../lib/gcc/arm-none-eabi/7.3.1/thumb/v7-m\libgcc.a(_dvmd_tls.o)
                0x00000000080004c4                __aeabi_idiv0
                0x00000000080004c4                __aeabi_ldiv0
 *(.text*)
 .text.SystemClock_Config
                0x00000000080004c8       0x5e Core/Src/main.o
                0x00000000080004c8                SystemClock_Config
 *fill*         0x0000000008000526        0x2 
 .text.startup.main
                0x0000000008000528       0xa4 Core/Src/main.o
                0x0000000008000528                main
 .text.Error_Handler
                0x00000000080005cc        0x2 Core/Src/main.o
                0x00000000080005cc                Error_Handler
 *fill*         0x00000000080005ce        0x2 
 .text.HAL_MspInit
                0x00000000080005d0       0x38 Core/Src/stm32f2xx_hal_msp.o
                0x00000000080005d0                HAL_MspInit
 .text.NMI_Handler
                0x0000000008000608        0x2 Core/Src/stm32f2xx_it.o
                0x0000000008000608                NMI_Handler
 .text.HardFault_Handler
                0x000000000800060a        0x2 Core/Src/stm32f2xx_it.o
                0x000000000800060a                HardFault_Handler
 .text.MemManage_Handler
                0x000000000800060c        0x2 Core/Src/stm32f2xx_it.o
                0x000000000800060c                MemManage_Handler
 .text.BusFault_Handler
                0x000000000800060e        0x2 Core/Src/stm32f2xx_it.o
                0x000000000800060e                BusFault_Handler
 .text.UsageFault_Handler
                0x0000000008000610        0x2 Core/Src/stm32f2xx_it.o
                0x0000000008000610                UsageFault_Handler
 .text.SVC_Handler
                0x0000000008000612        0x2 Core/Src/stm32f2xx_it.o
                0x0000000008000612                SVC_Handler
 .text.DebugMon_Handler
                0x0000000008000614        0x2 Core/Src/stm32f2xx_it.o
                0x0000000008000614                DebugMon_Handler
 .text.PendSV_Handler
                0x0000000008000616        0x2 Core/Src/stm32f2xx_it.o
                0x0000000008000616                PendSV_Handler
 .text.SysTick_Handler
                0x0000000008000618        0x4 Core/Src/stm32f2xx_it.o
                0x0000000008000618                SysTick_Handler
 .text.OTG_FS_IRQHandler
                0x000000000800061c        0xc Core/Src/stm32f2xx_it.o
                0x000000000800061c                OTG_FS_IRQHandler
 .text._sbrk    0x0000000008000628       0x34 Core/Src/sysmem.o
                0x0000000008000628                _sbrk
 .text.SystemInit
                0x000000000800065c       0x40 Core/Src/system_stm32f2xx.o
                0x000000000800065c                SystemInit
 .text.Reset_Handler
                0x000000000800069c       0x50 Core/Startup/startup_stm32f207zgtx.o
                0x000000000800069c                Reset_Handler
 .text.Default_Handler
                0x00000000080006ec        0x2 Core/Startup/startup_stm32f207zgtx.o
                0x00000000080006ec                RTC_Alarm_IRQHandler
                0x00000000080006ec                HASH_RNG_IRQHandler
                0x00000000080006ec                EXTI2_IRQHandler
                0x00000000080006ec                TIM8_CC_IRQHandler
                0x00000000080006ec                TIM1_CC_IRQHandler
                0x00000000080006ec                DMA2_Stream5_IRQHandler
                0x00000000080006ec                DMA1_Stream5_IRQHandler
                0x00000000080006ec                PVD_IRQHandler
                0x00000000080006ec                SDIO_IRQHandler
                0x00000000080006ec                TAMP_STAMP_IRQHandler
                0x00000000080006ec                CAN2_RX1_IRQHandler
                0x00000000080006ec                EXTI3_IRQHandler
                0x00000000080006ec                TIM8_TRG_COM_TIM14_IRQHandler
                0x00000000080006ec                TIM1_UP_TIM10_IRQHandler
                0x00000000080006ec                TIM8_UP_TIM13_IRQHandler
                0x00000000080006ec                I2C3_ER_IRQHandler
                0x00000000080006ec                EXTI0_IRQHandler
                0x00000000080006ec                I2C2_EV_IRQHandler
                0x00000000080006ec                DMA1_Stream2_IRQHandler
                0x00000000080006ec                CAN1_RX0_IRQHandler
                0x00000000080006ec                OTG_HS_WKUP_IRQHandler
                0x00000000080006ec                CAN2_SCE_IRQHandler
                0x00000000080006ec                DMA2_Stream2_IRQHandler
                0x00000000080006ec                SPI1_IRQHandler
                0x00000000080006ec                TIM6_DAC_IRQHandler
                0x00000000080006ec                TIM1_BRK_TIM9_IRQHandler
                0x00000000080006ec                DCMI_IRQHandler
                0x00000000080006ec                CAN2_RX0_IRQHandler
                0x00000000080006ec                DMA2_Stream3_IRQHandler
                0x00000000080006ec                USART6_IRQHandler
                0x00000000080006ec                USART3_IRQHandler
                0x00000000080006ec                CAN1_RX1_IRQHandler
                0x00000000080006ec                UART5_IRQHandler
                0x00000000080006ec                DMA2_Stream0_IRQHandler
                0x00000000080006ec                TIM4_IRQHandler
                0x00000000080006ec                I2C1_EV_IRQHandler
                0x00000000080006ec                DMA1_Stream6_IRQHandler
                0x00000000080006ec                DMA1_Stream1_IRQHandler
                0x00000000080006ec                UART4_IRQHandler
                0x00000000080006ec                TIM3_IRQHandler
                0x00000000080006ec                RCC_IRQHandler
                0x00000000080006ec                TIM8_BRK_TIM12_IRQHandler
                0x00000000080006ec                Default_Handler
                0x00000000080006ec                EXTI15_10_IRQHandler
                0x00000000080006ec                ADC_IRQHandler
                0x00000000080006ec                DMA1_Stream7_IRQHandler
                0x00000000080006ec                TIM7_IRQHandler
                0x00000000080006ec                CAN2_TX_IRQHandler
                0x00000000080006ec                TIM5_IRQHandler
                0x00000000080006ec                DMA2_Stream7_IRQHandler
                0x00000000080006ec                I2C3_EV_IRQHandler
                0x00000000080006ec                EXTI9_5_IRQHandler
                0x00000000080006ec                RTC_WKUP_IRQHandler
                0x00000000080006ec                ETH_WKUP_IRQHandler
                0x00000000080006ec                SPI2_IRQHandler
                0x00000000080006ec                OTG_HS_EP1_IN_IRQHandler
                0x00000000080006ec                DMA1_Stream0_IRQHandler
                0x00000000080006ec                CAN1_TX_IRQHandler
                0x00000000080006ec                EXTI4_IRQHandler
                0x00000000080006ec                FSMC_IRQHandler
                0x00000000080006ec                ETH_IRQHandler
                0x00000000080006ec                OTG_HS_EP1_OUT_IRQHandler
                0x00000000080006ec                WWDG_IRQHandler
                0x00000000080006ec                TIM2_IRQHandler
                0x00000000080006ec                OTG_FS_WKUP_IRQHandler
                0x00000000080006ec                TIM1_TRG_COM_TIM11_IRQHandler
                0x00000000080006ec                OTG_HS_IRQHandler
                0x00000000080006ec                EXTI1_IRQHandler
                0x00000000080006ec                USART2_IRQHandler
                0x00000000080006ec                I2C2_ER_IRQHandler
                0x00000000080006ec                DMA2_Stream1_IRQHandler
                0x00000000080006ec                CAN1_SCE_IRQHandler
                0x00000000080006ec                FLASH_IRQHandler
                0x00000000080006ec                DMA2_Stream4_IRQHandler
                0x00000000080006ec                USART1_IRQHandler
                0x00000000080006ec                SPI3_IRQHandler
                0x00000000080006ec                DMA1_Stream4_IRQHandler
                0x00000000080006ec                I2C1_ER_IRQHandler
                0x00000000080006ec                DMA2_Stream6_IRQHandler
                0x00000000080006ec                DMA1_Stream3_IRQHandler
 .text.HAL_MspDeInit
                0x00000000080006ee        0x2 Drivers/STM32F2xx_HAL_Driver/Src/stm32f2xx_hal.o
                0x00000000080006ee                HAL_MspDeInit
 .text.HAL_DeInit
                0x00000000080006f0       0x2c Drivers/STM32F2xx_HAL_Driver/Src/stm32f2xx_hal.o
                0x00000000080006f0                HAL_DeInit
 .text.HAL_InitTick
                0x000000000800071c       0x48 Drivers/STM32F2xx_HAL_Driver/Src/stm32f2xx_hal.o
                0x000000000800071c                HAL_InitTick
 .text.HAL_Init
                0x0000000008000764       0x34 Drivers/STM32F2xx_HAL_Driver/Src/stm32f2xx_hal.o
                0x0000000008000764                HAL_Init
 .text.HAL_IncTick
                0x0000000008000798       0x18 Drivers/STM32F2xx_HAL_Driver/Src/stm32f2xx_hal.o
                0x0000000008000798                HAL_IncTick
 .text.HAL_GetTick
                0x00000000080007b0        0xc Drivers/STM32F2xx_HAL_Driver/Src/stm32f2xx_hal.o
                0x00000000080007b0                HAL_GetTick
 .text.HAL_Delay
                0x00000000080007bc       0x28 Drivers/STM32F2xx_HAL_Driver/Src/stm32f2xx_hal.o
                0x00000000080007bc                HAL_Delay
 .text.HAL_NVIC_SetPriorityGrouping
                0x00000000080007e4       0x24 Drivers/STM32F2xx_HAL_Driver/Src/stm32f2xx_hal_cortex.o
                0x00000000080007e4                HAL_NVIC_SetPriorityGrouping
 .text.HAL_NVIC_SetPriority
                0x0000000008000808       0x68 Drivers/STM32F2xx_HAL_Driver/Src/stm32f2xx_hal_cortex.o
                0x0000000008000808                HAL_NVIC_SetPriority
 .text.HAL_NVIC_EnableIRQ
                0x0000000008000870       0x1c Drivers/STM32F2xx_HAL_Driver/Src/stm32f2xx_hal_cortex.o
                0x0000000008000870                HAL_NVIC_EnableIRQ
 .text.HAL_SYSTICK_Config
                0x000000000800088c       0x2c Drivers/STM32F2xx_HAL_Driver/Src/stm32f2xx_hal_cortex.o
                0x000000000800088c                HAL_SYSTICK_Config
 .text.FLASH_Program_DoubleWord
                0x00000000080008b8       0x2c Drivers/STM32F2xx_HAL_Driver/Src/stm32f2xx_hal_flash.o
 .text.FLASH_Program_Word
                0x00000000080008e4       0x24 Drivers/STM32F2xx_HAL_Driver/Src/stm32f2xx_hal_flash.o
 .text.FLASH_Program_HalfWord
                0x0000000008000908       0x24 Drivers/STM32F2xx_HAL_Driver/Src/stm32f2xx_hal_flash.o
 .text.FLASH_SetErrorCode
                0x000000000800092c       0x74 Drivers/STM32F2xx_HAL_Driver/Src/stm32f2xx_hal_flash.o
 .text.HAL_FLASH_Unlock
                0x00000000080009a0       0x24 Drivers/STM32F2xx_HAL_Driver/Src/stm32f2xx_hal_flash.o
                0x00000000080009a0                HAL_FLASH_Unlock
 .text.HAL_FLASH_Lock
                0x00000000080009c4       0x14 Drivers/STM32F2xx_HAL_Driver/Src/stm32f2xx_hal_flash.o
                0x00000000080009c4                HAL_FLASH_Lock
 .text.FLASH_WaitForLastOperation
                0x00000000080009d8       0x54 Drivers/STM32F2xx_HAL_Driver/Src/stm32f2xx_hal_flash.o
                0x00000000080009d8                FLASH_WaitForLastOperation
 .text.HAL_FLASH_Program
                0x0000000008000a2c       0x8c Drivers/STM32F2xx_HAL_Driver/Src/stm32f2xx_hal_flash.o
                0x0000000008000a2c                HAL_FLASH_Program
 .text.FLASH_MassErase.isra.0
                0x0000000008000ab8       0x24 Drivers/STM32F2xx_HAL_Driver/Src/stm32f2xx_hal_flash_ex.o
 .text.FLASH_Erase_Sector
                0x0000000008000adc       0x54 Drivers/STM32F2xx_HAL_Driver/Src/stm32f2xx_hal_flash_ex.o
                0x0000000008000adc                FLASH_Erase_Sector
 .text.FLASH_FlushCaches
                0x0000000008000b30       0x58 Drivers/STM32F2xx_HAL_Driver/Src/stm32f2xx_hal_flash_ex.o
                0x0000000008000b30                FLASH_FlushCaches
 .text.HAL_FLASHEx_Erase
                0x0000000008000b88       0x9c Drivers/STM32F2xx_HAL_Driver/Src/stm32f2xx_hal_flash_ex.o
                0x0000000008000b88                HAL_FLASHEx_Erase
 .text.HAL_GPIO_Init
                0x0000000008000c24      0x1c8 Drivers/STM32F2xx_HAL_Driver/Src/stm32f2xx_hal_gpio.o
                0x0000000008000c24                HAL_GPIO_Init
 .text.HAL_GPIO_ReadPin
                0x0000000008000dec        0xc Drivers/STM32F2xx_HAL_Driver/Src/stm32f2xx_hal_gpio.o
                0x0000000008000dec                HAL_GPIO_ReadPin
 .text.HAL_PCD_Init
                0x0000000008000df8      0x10e Drivers/STM32F2xx_HAL_Driver/Src/stm32f2xx_hal_pcd.o
                0x0000000008000df8                HAL_PCD_Init
 .text.HAL_PCD_Start
                0x0000000008000f06       0x2a Drivers/STM32F2xx_HAL_Driver/Src/stm32f2xx_hal_pcd.o
                0x0000000008000f06                HAL_PCD_Start
 .text.HAL_PCD_Stop
                0x0000000008000f30       0x3e Drivers/STM32F2xx_HAL_Driver/Src/stm32f2xx_hal_pcd.o
                0x0000000008000f30                HAL_PCD_Stop
 *fill*         0x0000000008000f6e        0x2 
 .text.HAL_PCD_IRQHandler
                0x0000000008000f70      0x574 Drivers/STM32F2xx_HAL_Driver/Src/stm32f2xx_hal_pcd.o
                0x0000000008000f70                HAL_PCD_IRQHandler
 .text.HAL_PCD_SetAddress
                0x00000000080014e4       0x28 Drivers/STM32F2xx_HAL_Driver/Src/stm32f2xx_hal_pcd.o
                0x00000000080014e4                HAL_PCD_SetAddress
 .text.HAL_PCD_EP_Open
                0x000000000800150c       0x66 Drivers/STM32F2xx_HAL_Driver/Src/stm32f2xx_hal_pcd.o
                0x000000000800150c                HAL_PCD_EP_Open
 .text.HAL_PCD_EP_Receive
                0x0000000008001572       0x46 Drivers/STM32F2xx_HAL_Driver/Src/stm32f2xx_hal_pcd.o
                0x0000000008001572                HAL_PCD_EP_Receive
 .text.HAL_PCD_EP_Transmit
                0x00000000080015b8       0x40 Drivers/STM32F2xx_HAL_Driver/Src/stm32f2xx_hal_pcd.o
                0x00000000080015b8                HAL_PCD_EP_Transmit
 .text.HAL_PCD_EP_SetStall
                0x00000000080015f8       0x70 Drivers/STM32F2xx_HAL_Driver/Src/stm32f2xx_hal_pcd.o
                0x00000000080015f8                HAL_PCD_EP_SetStall
 .text.HAL_PCD_EP_ClrStall
                0x0000000008001668       0x62 Drivers/STM32F2xx_HAL_Driver/Src/stm32f2xx_hal_pcd.o
                0x0000000008001668                HAL_PCD_EP_ClrStall
 .text.HAL_PCDEx_SetTxFiFo
                0x00000000080016ca       0x40 Drivers/STM32F2xx_HAL_Driver/Src/stm32f2xx_hal_pcd_ex.o
                0x00000000080016ca                HAL_PCDEx_SetTxFiFo
 .text.HAL_PCDEx_SetRxFiFo
                0x000000000800170a        0x8 Drivers/STM32F2xx_HAL_Driver/Src/stm32f2xx_hal_pcd_ex.o
                0x000000000800170a                HAL_PCDEx_SetRxFiFo
 *fill*         0x0000000008001712        0x2 
 .text.HAL_RCC_DeInit
                0x0000000008001714       0xfc Drivers/STM32F2xx_HAL_Driver/Src/stm32f2xx_hal_rcc.o
                0x0000000008001714                HAL_RCC_DeInit
 .text.HAL_RCC_OscConfig
                0x0000000008001810      0x344 Drivers/STM32F2xx_HAL_Driver/Src/stm32f2xx_hal_rcc.o
                0x0000000008001810                HAL_RCC_OscConfig
 .text.HAL_RCC_GetSysClockFreq
                0x0000000008001b54       0x5c Drivers/STM32F2xx_HAL_Driver/Src/stm32f2xx_hal_rcc.o
                0x0000000008001b54                HAL_RCC_GetSysClockFreq
 .text.HAL_RCC_ClockConfig
                0x0000000008001bb0      0x13c Drivers/STM32F2xx_HAL_Driver/Src/stm32f2xx_hal_rcc.o
                0x0000000008001bb0                HAL_RCC_ClockConfig
 .text.HAL_RCC_GetHCLKFreq
                0x0000000008001cec        0xc Drivers/STM32F2xx_HAL_Driver/Src/stm32f2xx_hal_rcc.o
                0x0000000008001cec                HAL_RCC_GetHCLKFreq
 .text.USB_CoreReset
                0x0000000008001cf8       0x30 Drivers/STM32F2xx_HAL_Driver/Src/stm32f2xx_ll_usb.o
 .text.USB_CoreInit
                0x0000000008001d28       0x74 Drivers/STM32F2xx_HAL_Driver/Src/stm32f2xx_ll_usb.o
                0x0000000008001d28                USB_CoreInit
 .text.USB_SetTurnaroundTime
                0x0000000008001d9c       0xe8 Drivers/STM32F2xx_HAL_Driver/Src/stm32f2xx_ll_usb.o
                0x0000000008001d9c                USB_SetTurnaroundTime
 .text.USB_EnableGlobalInt
                0x0000000008001e84        0xc Drivers/STM32F2xx_HAL_Driver/Src/stm32f2xx_ll_usb.o
                0x0000000008001e84                USB_EnableGlobalInt
 .text.USB_DisableGlobalInt
                0x0000000008001e90        0xc Drivers/STM32F2xx_HAL_Driver/Src/stm32f2xx_ll_usb.o
                0x0000000008001e90                USB_DisableGlobalInt
 .text.USB_SetCurrentMode
                0x0000000008001e9c       0x2e Drivers/STM32F2xx_HAL_Driver/Src/stm32f2xx_ll_usb.o
                0x0000000008001e9c                USB_SetCurrentMode
 *fill*         0x0000000008001eca        0x2 
 .text.USB_FlushTxFifo
                0x0000000008001ecc       0x24 Drivers/STM32F2xx_HAL_Driver/Src/stm32f2xx_ll_usb.o
                0x0000000008001ecc                USB_FlushTxFifo
 .text.USB_FlushRxFifo
                0x0000000008001ef0       0x20 Drivers/STM32F2xx_HAL_Driver/Src/stm32f2xx_ll_usb.o
                0x0000000008001ef0                USB_FlushRxFifo
 .text.USB_SetDevSpeed
                0x0000000008001f10        0xe Drivers/STM32F2xx_HAL_Driver/Src/stm32f2xx_ll_usb.o
                0x0000000008001f10                USB_SetDevSpeed
 *fill*         0x0000000008001f1e        0x2 
 .text.USB_DevInit
                0x0000000008001f20      0x188 Drivers/STM32F2xx_HAL_Driver/Src/stm32f2xx_ll_usb.o
                0x0000000008001f20                USB_DevInit
 .text.USB_GetDevSpeed
                0x00000000080020a8       0x16 Drivers/STM32F2xx_HAL_Driver/Src/stm32f2xx_ll_usb.o
                0x00000000080020a8                USB_GetDevSpeed
 .text.USB_ActivateEndpoint
                0x00000000080020be       0x7c Drivers/STM32F2xx_HAL_Driver/Src/stm32f2xx_ll_usb.o
                0x00000000080020be                USB_ActivateEndpoint
 *fill*         0x000000000800213a        0x2 
 .text.USB_EP0StartXfer
                0x000000000800213c       0xe8 Drivers/STM32F2xx_HAL_Driver/Src/stm32f2xx_ll_usb.o
                0x000000000800213c                USB_EP0StartXfer
 .text.USB_WritePacket
                0x0000000008002224       0x28 Drivers/STM32F2xx_HAL_Driver/Src/stm32f2xx_ll_usb.o
                0x0000000008002224                USB_WritePacket
 .text.USB_EPStartXfer
                0x000000000800224c      0x1b0 Drivers/STM32F2xx_HAL_Driver/Src/stm32f2xx_ll_usb.o
                0x000000000800224c                USB_EPStartXfer
 .text.USB_ReadPacket
                0x00000000080023fc       0x1c Drivers/STM32F2xx_HAL_Driver/Src/stm32f2xx_ll_usb.o
                0x00000000080023fc                USB_ReadPacket
 .text.USB_EPSetStall
                0x0000000008002418       0x56 Drivers/STM32F2xx_HAL_Driver/Src/stm32f2xx_ll_usb.o
                0x0000000008002418                USB_EPSetStall
 .text.USB_EPClearStall
                0x000000000800246e       0x52 Drivers/STM32F2xx_HAL_Driver/Src/stm32f2xx_ll_usb.o
                0x000000000800246e                USB_EPClearStall
 .text.USB_StopDevice
                0x00000000080024c0       0x40 Drivers/STM32F2xx_HAL_Driver/Src/stm32f2xx_ll_usb.o
                0x00000000080024c0                USB_StopDevice
 .text.USB_SetDevAddress
                0x0000000008002500       0x20 Drivers/STM32F2xx_HAL_Driver/Src/stm32f2xx_ll_usb.o
                0x0000000008002500                USB_SetDevAddress
 .text.USB_DevConnect
                0x0000000008002520       0x18 Drivers/STM32F2xx_HAL_Driver/Src/stm32f2xx_ll_usb.o
                0x0000000008002520                USB_DevConnect
 .text.USB_DevDisconnect
                0x0000000008002538       0x18 Drivers/STM32F2xx_HAL_Driver/Src/stm32f2xx_ll_usb.o
                0x0000000008002538                USB_DevDisconnect
 .text.USB_ReadInterrupts
                0x0000000008002550        0x8 Drivers/STM32F2xx_HAL_Driver/Src/stm32f2xx_ll_usb.o
                0x0000000008002550                USB_ReadInterrupts
 .text.USB_ReadDevAllOutEpInterrupt
                0x0000000008002558       0x10 Drivers/STM32F2xx_HAL_Driver/Src/stm32f2xx_ll_usb.o
                0x0000000008002558                USB_ReadDevAllOutEpInterrupt
 .text.USB_ReadDevAllInEpInterrupt
                0x0000000008002568       0x10 Drivers/STM32F2xx_HAL_Driver/Src/stm32f2xx_ll_usb.o
                0x0000000008002568                USB_ReadDevAllInEpInterrupt
 .text.USB_ReadDevOutEPInterrupt
                0x0000000008002578       0x12 Drivers/STM32F2xx_HAL_Driver/Src/stm32f2xx_ll_usb.o
                0x0000000008002578                USB_ReadDevOutEPInterrupt
 .text.USB_ReadDevInEPInterrupt
                0x000000000800258a       0x24 Drivers/STM32F2xx_HAL_Driver/Src/stm32f2xx_ll_usb.o
                0x000000000800258a                USB_ReadDevInEPInterrupt
 .text.USB_GetMode
                0x00000000080025ae        0x8 Drivers/STM32F2xx_HAL_Driver/Src/stm32f2xx_ll_usb.o
                0x00000000080025ae                USB_GetMode
 .text.USB_ActivateSetup
                0x00000000080025b6       0x36 Drivers/STM32F2xx_HAL_Driver/Src/stm32f2xx_ll_usb.o
                0x00000000080025b6                USB_ActivateSetup
 .text.USB_EP0_OutStart
                0x00000000080025ec       0x4c Drivers/STM32F2xx_HAL_Driver/Src/stm32f2xx_ll_usb.o
                0x00000000080025ec                USB_EP0_OutStart
 .text.USBD_DFU_GetCfgDesc
                0x0000000008002638        0xc Middlewares/ST/STM32_USB_Device_Library/Class/DFU/Src/usbd_dfu.o
 .text.USBD_DFU_DataIn
                0x0000000008002644        0x4 Middlewares/ST/STM32_USB_Device_Library/Class/DFU/Src/usbd_dfu.o
 .text.USBD_DFU_EP0_RxReady
                0x0000000008002648        0x4 Middlewares/ST/STM32_USB_Device_Library/Class/DFU/Src/usbd_dfu.o
 .text.USBD_DFU_GetDeviceQualifierDesc
                0x000000000800264c        0xc Middlewares/ST/STM32_USB_Device_Library/Class/DFU/Src/usbd_dfu.o
 .text.USBD_DFU_GetUsrStringDesc
                0x0000000008002658       0x20 Middlewares/ST/STM32_USB_Device_Library/Class/DFU/Src/usbd_dfu.o
 .text.USBD_DFU_EP0_TxReady
                0x0000000008002678      0x15c Middlewares/ST/STM32_USB_Device_Library/Class/DFU/Src/usbd_dfu.o
 .text.USBD_DFU_DeInit
                0x00000000080027d4       0x38 Middlewares/ST/STM32_USB_Device_Library/Class/DFU/Src/usbd_dfu.o
 .text.USBD_DFU_Init
                0x000000000800280c       0x48 Middlewares/ST/STM32_USB_Device_Library/Class/DFU/Src/usbd_dfu.o
 .text.USBD_DFU_Setup
                0x0000000008002854      0x320 Middlewares/ST/STM32_USB_Device_Library/Class/DFU/Src/usbd_dfu.o
 .text.USBD_DFU_IsoOutIncomplete
                0x0000000008002b74        0x4 Middlewares/ST/STM32_USB_Device_Library/Class/DFU/Src/usbd_dfu.o
 .text.USBD_DFU_DataOut
                0x0000000008002b78        0x4 Middlewares/ST/STM32_USB_Device_Library/Class/DFU/Src/usbd_dfu.o
 .text.USBD_DFU_IsoINIncomplete
                0x0000000008002b7c        0x4 Middlewares/ST/STM32_USB_Device_Library/Class/DFU/Src/usbd_dfu.o
 .text.USBD_DFU_SOF
                0x0000000008002b80        0x4 Middlewares/ST/STM32_USB_Device_Library/Class/DFU/Src/usbd_dfu.o
 .text.USBD_DFU_RegisterMedia
                0x0000000008002b84        0xa Middlewares/ST/STM32_USB_Device_Library/Class/DFU/Src/usbd_dfu.o
                0x0000000008002b84                USBD_DFU_RegisterMedia
 .text.USBD_Init
                0x0000000008002b8e       0x2a Middlewares/ST/STM32_USB_Device_Library/Core/Src/usbd_core.o
                0x0000000008002b8e                USBD_Init
 .text.USBD_RegisterClass
                0x0000000008002bb8        0xe Middlewares/ST/STM32_USB_Device_Library/Core/Src/usbd_core.o
                0x0000000008002bb8                USBD_RegisterClass
 .text.USBD_Start
                0x0000000008002bc6        0xa Middlewares/ST/STM32_USB_Device_Library/Core/Src/usbd_core.o
                0x0000000008002bc6                USBD_Start
 .text.USBD_Stop
                0x0000000008002bd0       0x18 Middlewares/ST/STM32_USB_Device_Library/Core/Src/usbd_core.o
                0x0000000008002bd0                USBD_Stop
 .text.USBD_SetClassConfig
                0x0000000008002be8       0x16 Middlewares/ST/STM32_USB_Device_Library/Core/Src/usbd_core.o
                0x0000000008002be8                USBD_SetClassConfig
 .text.USBD_ClrClassConfig
                0x0000000008002bfe        0xe Middlewares/ST/STM32_USB_Device_Library/Core/Src/usbd_core.o
                0x0000000008002bfe                USBD_ClrClassConfig
 .text.USBD_LL_SetupStage
                0x0000000008002c0c       0x5a Middlewares/ST/STM32_USB_Device_Library/Core/Src/usbd_core.o
                0x0000000008002c0c                USBD_LL_SetupStage
 .text.USBD_LL_DataOutStage
                0x0000000008002c66       0x74 Middlewares/ST/STM32_USB_Device_Library/Core/Src/usbd_core.o
                0x0000000008002c66                USBD_LL_DataOutStage
 .text.USBD_LL_DataInStage
                0x0000000008002cda       0xb6 Middlewares/ST/STM32_USB_Device_Library/Core/Src/usbd_core.o
                0x0000000008002cda                USBD_LL_DataInStage
 .text.USBD_LL_Reset
                0x0000000008002d90       0x4e Middlewares/ST/STM32_USB_Device_Library/Core/Src/usbd_core.o
                0x0000000008002d90                USBD_LL_Reset
 .text.USBD_LL_SetSpeed
                0x0000000008002dde        0x6 Middlewares/ST/STM32_USB_Device_Library/Core/Src/usbd_core.o
                0x0000000008002dde                USBD_LL_SetSpeed
 .text.USBD_LL_Suspend
                0x0000000008002de4       0x12 Middlewares/ST/STM32_USB_Device_Library/Core/Src/usbd_core.o
                0x0000000008002de4                USBD_LL_Suspend
 .text.USBD_LL_Resume
                0x0000000008002df6       0x14 Middlewares/ST/STM32_USB_Device_Library/Core/Src/usbd_core.o
                0x0000000008002df6                USBD_LL_Resume
 .text.USBD_LL_SOF
                0x0000000008002e0a       0x18 Middlewares/ST/STM32_USB_Device_Library/Core/Src/usbd_core.o
                0x0000000008002e0a                USBD_LL_SOF
 .text.USBD_LL_IsoINIncomplete
                0x0000000008002e22        0x4 Middlewares/ST/STM32_USB_Device_Library/Core/Src/usbd_core.o
                0x0000000008002e22                USBD_LL_IsoINIncomplete
 .text.USBD_LL_IsoOUTIncomplete
                0x0000000008002e26        0x4 Middlewares/ST/STM32_USB_Device_Library/Core/Src/usbd_core.o
                0x0000000008002e26                USBD_LL_IsoOUTIncomplete
 .text.USBD_LL_DevConnected
                0x0000000008002e2a        0x4 Middlewares/ST/STM32_USB_Device_Library/Core/Src/usbd_core.o
                0x0000000008002e2a                USBD_LL_DevConnected
 .text.USBD_LL_DevDisconnected
                0x0000000008002e2e       0x16 Middlewares/ST/STM32_USB_Device_Library/Core/Src/usbd_core.o
                0x0000000008002e2e                USBD_LL_DevDisconnected
 .text.USBD_CtlError.constprop.1
                0x0000000008002e44       0x16 Middlewares/ST/STM32_USB_Device_Library/Core/Src/usbd_ctlreq.o
 *fill*         0x0000000008002e5a        0x2 
 .text.USBD_StdDevReq
                0x0000000008002e5c      0x260 Middlewares/ST/STM32_USB_Device_Library/Core/Src/usbd_ctlreq.o
                0x0000000008002e5c                USBD_StdDevReq
 .text.USBD_StdItfReq
                0x00000000080030bc       0x4a Middlewares/ST/STM32_USB_Device_Library/Core/Src/usbd_ctlreq.o
                0x00000000080030bc                USBD_StdItfReq
 .text.USBD_StdEPReq
                0x0000000008003106      0x112 Middlewares/ST/STM32_USB_Device_Library/Core/Src/usbd_ctlreq.o
                0x0000000008003106                USBD_StdEPReq
 .text.USBD_ParseSetupRequest
                0x0000000008003218       0x28 Middlewares/ST/STM32_USB_Device_Library/Core/Src/usbd_ctlreq.o
                0x0000000008003218                USBD_ParseSetupRequest
 .text.USBD_CtlError
                0x0000000008003240       0x16 Middlewares/ST/STM32_USB_Device_Library/Core/Src/usbd_ctlreq.o
                0x0000000008003240                USBD_CtlError
 .text.USBD_GetString
                0x0000000008003256       0x38 Middlewares/ST/STM32_USB_Device_Library/Core/Src/usbd_ctlreq.o
                0x0000000008003256                USBD_GetString
 .text.USBD_CtlSendData
                0x000000000800328e       0x1a Middlewares/ST/STM32_USB_Device_Library/Core/Src/usbd_ioreq.o
                0x000000000800328e                USBD_CtlSendData
 .text.USBD_CtlContinueSendData
                0x00000000080032a8       0x10 Middlewares/ST/STM32_USB_Device_Library/Core/Src/usbd_ioreq.o
                0x00000000080032a8                USBD_CtlContinueSendData
 .text.USBD_CtlPrepareRx
                0x00000000080032b8       0x1e Middlewares/ST/STM32_USB_Device_Library/Core/Src/usbd_ioreq.o
                0x00000000080032b8                USBD_CtlPrepareRx
 .text.USBD_CtlContinueRx
                0x00000000080032d6       0x10 Middlewares/ST/STM32_USB_Device_Library/Core/Src/usbd_ioreq.o
                0x00000000080032d6                USBD_CtlContinueRx
 .text.USBD_CtlSendStatus
                0x00000000080032e6       0x16 Middlewares/ST/STM32_USB_Device_Library/Core/Src/usbd_ioreq.o
                0x00000000080032e6                USBD_CtlSendStatus
 .text.USBD_CtlReceiveStatus
                0x00000000080032fc       0x16 Middlewares/ST/STM32_USB_Device_Library/Core/Src/usbd_ioreq.o
                0x00000000080032fc                USBD_CtlReceiveStatus
 *fill*         0x0000000008003312        0x2 
 .text.MX_USB_DEVICE_Init
                0x0000000008003314       0x50 USB_DEVICE/App/usb_device.o
                0x0000000008003314                MX_USB_DEVICE_Init
 .text.USBD_FS_DeviceDescriptor
                0x0000000008003364        0xc USB_DEVICE/App/usbd_desc.o
                0x0000000008003364                USBD_FS_DeviceDescriptor
 .text.USBD_FS_LangIDStrDescriptor
                0x0000000008003370        0xc USB_DEVICE/App/usbd_desc.o
                0x0000000008003370                USBD_FS_LangIDStrDescriptor
 .text.IntToUnicode
                0x000000000800337c       0x2a USB_DEVICE/App/usbd_desc.o
 *fill*         0x00000000080033a6        0x2 
 .text.USBD_FS_SerialStrDescriptor
                0x00000000080033a8       0x40 USB_DEVICE/App/usbd_desc.o
                0x00000000080033a8                USBD_FS_SerialStrDescriptor
 .text.USBD_FS_ManufacturerStrDescriptor
                0x00000000080033e8       0x1c USB_DEVICE/App/usbd_desc.o
                0x00000000080033e8                USBD_FS_ManufacturerStrDescriptor
 .text.USBD_FS_ProductStrDescriptor
                0x0000000008003404       0x1c USB_DEVICE/App/usbd_desc.o
                0x0000000008003404                USBD_FS_ProductStrDescriptor
 .text.USBD_FS_ConfigStrDescriptor
                0x0000000008003420       0x1c USB_DEVICE/App/usbd_desc.o
                0x0000000008003420                USBD_FS_ConfigStrDescriptor
 .text.USBD_FS_InterfaceStrDescriptor
                0x000000000800343c       0x1c USB_DEVICE/App/usbd_desc.o
                0x000000000800343c                USBD_FS_InterfaceStrDescriptor
 .text.MEM_If_Read_FS
                0x0000000008003458       0x1a USB_DEVICE/App/usbd_dfu_if.o
 .text.MEM_If_GetStatus_FS
                0x0000000008003472        0x4 USB_DEVICE/App/usbd_dfu_if.o
 *fill*         0x0000000008003476        0x2 
 .text.MEM_If_Write_FS
                0x0000000008003478       0x44 USB_DEVICE/App/usbd_dfu_if.o
 .text.MEM_If_Erase_FS
                0x00000000080034bc       0xa4 USB_DEVICE/App/usbd_dfu_if.o
 .text.MEM_If_DeInit_FS
                0x0000000008003560        0xc USB_DEVICE/App/usbd_dfu_if.o
 .text.MEM_If_Init_FS
                0x000000000800356c        0xc USB_DEVICE/App/usbd_dfu_if.o
 .text.HAL_PCD_MspInit
                0x0000000008003578       0x84 USB_DEVICE/Target/usbd_conf.o
                0x0000000008003578                HAL_PCD_MspInit
 .text.HAL_PCD_SetupStageCallback
                0x00000000080035fc        0xc USB_DEVICE/Target/usbd_conf.o
                0x00000000080035fc                HAL_PCD_SetupStageCallback
 .text.HAL_PCD_DataOutStageCallback
                0x0000000008003608       0x12 USB_DEVICE/Target/usbd_conf.o
                0x0000000008003608                HAL_PCD_DataOutStageCallback
 .text.HAL_PCD_DataInStageCallback
                0x000000000800361a       0x10 USB_DEVICE/Target/usbd_conf.o
                0x000000000800361a                HAL_PCD_DataInStageCallback
 .text.HAL_PCD_SOFCallback
                0x000000000800362a        0x8 USB_DEVICE/Target/usbd_conf.o
                0x000000000800362a                HAL_PCD_SOFCallback
 .text.HAL_PCD_ResetCallback
                0x0000000008003632       0x26 USB_DEVICE/Target/usbd_conf.o
                0x0000000008003632                HAL_PCD_ResetCallback
 .text.HAL_PCD_SuspendCallback
                0x0000000008003658       0x30 USB_DEVICE/Target/usbd_conf.o
                0x0000000008003658                HAL_PCD_SuspendCallback
 .text.HAL_PCD_ResumeCallback
                0x0000000008003688        0x8 USB_DEVICE/Target/usbd_conf.o
                0x0000000008003688                HAL_PCD_ResumeCallback
 .text.HAL_PCD_ISOOUTIncompleteCallback
                0x0000000008003690        0x8 USB_DEVICE/Target/usbd_conf.o
                0x0000000008003690                HAL_PCD_ISOOUTIncompleteCallback
 .text.HAL_PCD_ISOINIncompleteCallback
                0x0000000008003698        0x8 USB_DEVICE/Target/usbd_conf.o
                0x0000000008003698                HAL_PCD_ISOINIncompleteCallback
 .text.HAL_PCD_ConnectCallback
                0x00000000080036a0        0x8 USB_DEVICE/Target/usbd_conf.o
                0x00000000080036a0                HAL_PCD_ConnectCallback
 .text.HAL_PCD_DisconnectCallback
                0x00000000080036a8        0x8 USB_DEVICE/Target/usbd_conf.o
                0x00000000080036a8                HAL_PCD_DisconnectCallback
 .text.USBD_LL_Init
                0x00000000080036b0       0x5c USB_DEVICE/Target/usbd_conf.o
                0x00000000080036b0                USBD_LL_Init
 .text.USBD_LL_Start
                0x000000000800370c       0x1c USB_DEVICE/Target/usbd_conf.o
                0x000000000800370c                USBD_LL_Start
 .text.USBD_LL_Stop
                0x0000000008003728       0x1c USB_DEVICE/Target/usbd_conf.o
                0x0000000008003728                USBD_LL_Stop
 .text.USBD_LL_OpenEP
                0x0000000008003744       0x20 USB_DEVICE/Target/usbd_conf.o
                0x0000000008003744                USBD_LL_OpenEP
 .text.USBD_LL_StallEP
                0x0000000008003764       0x1c USB_DEVICE/Target/usbd_conf.o
                0x0000000008003764                USBD_LL_StallEP
 .text.USBD_LL_ClearStallEP
                0x0000000008003780       0x1c USB_DEVICE/Target/usbd_conf.o
                0x0000000008003780                USBD_LL_ClearStallEP
 .text.USBD_LL_IsStallEP
                0x000000000800379c       0x24 USB_DEVICE/Target/usbd_conf.o
                0x000000000800379c                USBD_LL_IsStallEP
 .text.USBD_LL_SetUSBAddress
                0x00000000080037c0       0x1c USB_DEVICE/Target/usbd_conf.o
                0x00000000080037c0                USBD_LL_SetUSBAddress
 .text.USBD_LL_Transmit
                0x00000000080037dc       0x1c USB_DEVICE/Target/usbd_conf.o
                0x00000000080037dc                USBD_LL_Transmit
 .text.USBD_LL_PrepareReceive
                0x00000000080037f8       0x1c USB_DEVICE/Target/usbd_conf.o
                0x00000000080037f8                USBD_LL_PrepareReceive
 .text.__errno  0x0000000008003814        0xc p:/cad/stm32cubeide_1.3.0/stm32cubeide/plugins/com.st.stm32cube.ide.mcu.externaltools.gnu-tools-for-stm32.7-2018-q2-update.win32_1.0.0.201904181610/tools/bin/../lib/gcc/arm-none-eabi/7.3.1/../../../../arm-none-eabi/lib/thumb/v7-m\libc_nano.a(lib_a-errno.o)
                0x0000000008003814                __errno
 .text.__libc_init_array
                0x0000000008003820       0x48 p:/cad/stm32cubeide_1.3.0/stm32cubeide/plugins/com.st.stm32cube.ide.mcu.externaltools.gnu-tools-for-stm32.7-2018-q2-update.win32_1.0.0.201904181610/tools/bin/../lib/gcc/arm-none-eabi/7.3.1/../../../../arm-none-eabi/lib/thumb/v7-m\libc_nano.a(lib_a-init.o)
                0x0000000008003820                __libc_init_array
 .text.malloc   0x0000000008003868       0x10 p:/cad/stm32cubeide_1.3.0/stm32cubeide/plugins/com.st.stm32cube.ide.mcu.externaltools.gnu-tools-for-stm32.7-2018-q2-update.win32_1.0.0.201904181610/tools/bin/../lib/gcc/arm-none-eabi/7.3.1/../../../../arm-none-eabi/lib/thumb/v7-m\libc_nano.a(lib_a-malloc.o)
                0x0000000008003868                malloc
 .text.free     0x0000000008003878       0x10 p:/cad/stm32cubeide_1.3.0/stm32cubeide/plugins/com.st.stm32cube.ide.mcu.externaltools.gnu-tools-for-stm32.7-2018-q2-update.win32_1.0.0.201904181610/tools/bin/../lib/gcc/arm-none-eabi/7.3.1/../../../../arm-none-eabi/lib/thumb/v7-m\libc_nano.a(lib_a-malloc.o)
                0x0000000008003878                free
 .text.memset   0x0000000008003888       0x10 p:/cad/stm32cubeide_1.3.0/stm32cubeide/plugins/com.st.stm32cube.ide.mcu.externaltools.gnu-tools-for-stm32.7-2018-q2-update.win32_1.0.0.201904181610/tools/bin/../lib/gcc/arm-none-eabi/7.3.1/../../../../arm-none-eabi/lib/thumb/v7-m\libc_nano.a(lib_a-memset.o)
                0x0000000008003888                memset
 .text._free_r  0x0000000008003898       0x98 p:/cad/stm32cubeide_1.3.0/stm32cubeide/plugins/com.st.stm32cube.ide.mcu.externaltools.gnu-tools-for-stm32.7-2018-q2-update.win32_1.0.0.201904181610/tools/bin/../lib/gcc/arm-none-eabi/7.3.1/../../../../arm-none-eabi/lib/thumb/v7-m\libc_nano.a(lib_a-nano-freer.o)
                0x0000000008003898                _free_r
 .text._malloc_r
                0x0000000008003930       0xb4 p:/cad/stm32cubeide_1.3.0/stm32cubeide/plugins/com.st.stm32cube.ide.mcu.externaltools.gnu-tools-for-stm32.7-2018-q2-update.win32_1.0.0.201904181610/tools/bin/../lib/gcc/arm-none-eabi/7.3.1/../../../../arm-none-eabi/lib/thumb/v7-m\libc_nano.a(lib_a-nano-mallocr.o)
                0x0000000008003930                _malloc_r
 .text._sbrk_r  0x00000000080039e4       0x20 p:/cad/stm32cubeide_1.3.0/stm32cubeide/plugins/com.st.stm32cube.ide.mcu.externaltools.gnu-tools-for-stm32.7-2018-q2-update.win32_1.0.0.201904181610/tools/bin/../lib/gcc/arm-none-eabi/7.3.1/../../../../arm-none-eabi/lib/thumb/v7-m\libc_nano.a(lib_a-sbrkr.o)
                0x00000000080039e4                _sbrk_r
 .text.__malloc_lock
                0x0000000008003a04        0x2 p:/cad/stm32cubeide_1.3.0/stm32cubeide/plugins/com.st.stm32cube.ide.mcu.externaltools.gnu-tools-for-stm32.7-2018-q2-update.win32_1.0.0.201904181610/tools/bin/../lib/gcc/arm-none-eabi/7.3.1/../../../../arm-none-eabi/lib/thumb/v7-m\libc_nano.a(lib_a-mlock.o)
                0x0000000008003a04                __malloc_lock
 .text.__malloc_unlock
                0x0000000008003a06        0x2 p:/cad/stm32cubeide_1.3.0/stm32cubeide/plugins/com.st.stm32cube.ide.mcu.externaltools.gnu-tools-for-stm32.7-2018-q2-update.win32_1.0.0.201904181610/tools/bin/../lib/gcc/arm-none-eabi/7.3.1/../../../../arm-none-eabi/lib/thumb/v7-m\libc_nano.a(lib_a-mlock.o)
                0x0000000008003a06                __malloc_unlock
 *(.glue_7)
 .glue_7        0x0000000008003a08        0x0 linker stubs
 *(.glue_7t)
 .glue_7t       0x0000000008003a08        0x0 linker stubs
 *(.eh_frame)
 .eh_frame      0x0000000008003a08        0x0 p:/cad/stm32cubeide_1.3.0/stm32cubeide/plugins/com.st.stm32cube.ide.mcu.externaltools.gnu-tools-for-stm32.7-2018-q2-update.win32_1.0.0.201904181610/tools/bin/../lib/gcc/arm-none-eabi/7.3.1/thumb/v7-m/crtbegin.o
 *(.init)
 .init          0x0000000008003a08        0x4 p:/cad/stm32cubeide_1.3.0/stm32cubeide/plugins/com.st.stm32cube.ide.mcu.externaltools.gnu-tools-for-stm32.7-2018-q2-update.win32_1.0.0.201904181610/tools/bin/../lib/gcc/arm-none-eabi/7.3.1/thumb/v7-m/crti.o
                0x0000000008003a08                _init
 .init          0x0000000008003a0c        0x8 p:/cad/stm32cubeide_1.3.0/stm32cubeide/plugins/com.st.stm32cube.ide.mcu.externaltools.gnu-tools-for-stm32.7-2018-q2-update.win32_1.0.0.201904181610/tools/bin/../lib/gcc/arm-none-eabi/7.3.1/thumb/v7-m/crtn.o
 *(.fini)
 .fini          0x0000000008003a14        0x4 p:/cad/stm32cubeide_1.3.0/stm32cubeide/plugins/com.st.stm32cube.ide.mcu.externaltools.gnu-tools-for-stm32.7-2018-q2-update.win32_1.0.0.201904181610/tools/bin/../lib/gcc/arm-none-eabi/7.3.1/thumb/v7-m/crti.o
                0x0000000008003a14                _fini
 .fini          0x0000000008003a18        0x8 p:/cad/stm32cubeide_1.3.0/stm32cubeide/plugins/com.st.stm32cube.ide.mcu.externaltools.gnu-tools-for-stm32.7-2018-q2-update.win32_1.0.0.201904181610/tools/bin/../lib/gcc/arm-none-eabi/7.3.1/thumb/v7-m/crtn.o
                0x0000000008003a20                . = ALIGN (0x4)
                0x0000000008003a20                _etext = .

.vfp11_veneer   0x0000000008003a20        0x0
 .vfp11_veneer  0x0000000008003a20        0x0 linker stubs

.v4_bx          0x0000000008003a20        0x0
 .v4_bx         0x0000000008003a20        0x0 linker stubs

.iplt           0x0000000008003a20        0x0
 .iplt          0x0000000008003a20        0x0 p:/cad/stm32cubeide_1.3.0/stm32cubeide/plugins/com.st.stm32cube.ide.mcu.externaltools.gnu-tools-for-stm32.7-2018-q2-update.win32_1.0.0.201904181610/tools/bin/../lib/gcc/arm-none-eabi/7.3.1/thumb/v7-m/crtbegin.o

.rodata         0x0000000008003a20       0xa0
                0x0000000008003a20                . = ALIGN (0x4)
 *(.rodata)
 *(.rodata*)
 .rodata.AHBPrescTable
                0x0000000008003a20       0x10 Core/Src/system_stm32f2xx.o
                0x0000000008003a20                AHBPrescTable
 .rodata.USBD_FS_ConfigStrDescriptor.str1.1
                0x0000000008003a30        0xb USB_DEVICE/App/usbd_desc.o
 .rodata.USBD_FS_InterfaceStrDescriptor.str1.1
                0x0000000008003a3b        0xe USB_DEVICE/App/usbd_desc.o
 .rodata.USBD_FS_ManufacturerStrDescriptor.str1.1
                0x0000000008003a49       0x13 USB_DEVICE/App/usbd_desc.o
 .rodata.USBD_FS_ProductStrDescriptor.str1.1
                0x0000000008003a5c       0x1f USB_DEVICE/App/usbd_desc.o
 .rodata.str1.1
                0x0000000008003a7b       0x3f USB_DEVICE/App/usbd_dfu_if.o
 .rodata.CSWTCH.21
                0x0000000008003aba        0x4 USB_DEVICE/Target/usbd_conf.o
                0x0000000008003ac0                . = ALIGN (0x4)
 *fill*         0x0000000008003abe        0x2 

.ARM.extab      0x0000000008003ac0        0x0
                0x0000000008003ac0                . = ALIGN (0x4)
 *(.ARM.extab* .gnu.linkonce.armextab.*)
                0x0000000008003ac0                . = ALIGN (0x4)

.ARM            0x0000000008003ac0        0x8
                0x0000000008003ac0                . = ALIGN (0x4)
                0x0000000008003ac0                __exidx_start = .
 *(.ARM.exidx*)
 .ARM.exidx     0x0000000008003ac0        0x8 p:/cad/stm32cubeide_1.3.0/stm32cubeide/plugins/com.st.stm32cube.ide.mcu.externaltools.gnu-tools-for-stm32.7-2018-q2-update.win32_1.0.0.201904181610/tools/bin/../lib/gcc/arm-none-eabi/7.3.1/thumb/v7-m\libgcc.a(_udivmoddi4.o)
                0x0000000008003ac8                __exidx_end = .
                0x0000000008003ac8                . = ALIGN (0x4)

.rel.dyn        0x0000000008003ac8        0x0
 .rel.iplt      0x0000000008003ac8        0x0 p:/cad/stm32cubeide_1.3.0/stm32cubeide/plugins/com.st.stm32cube.ide.mcu.externaltools.gnu-tools-for-stm32.7-2018-q2-update.win32_1.0.0.201904181610/tools/bin/../lib/gcc/arm-none-eabi/7.3.1/thumb/v7-m/crtbegin.o

.preinit_array  0x0000000008003ac8        0x0
                0x0000000008003ac8                . = ALIGN (0x4)
                0x0000000008003ac8                PROVIDE (__preinit_array_start = .)
 *(.preinit_array*)
                0x0000000008003ac8                PROVIDE (__preinit_array_end = .)
                0x0000000008003ac8                . = ALIGN (0x4)

.init_array     0x0000000008003ac8        0x4
                0x0000000008003ac8                . = ALIGN (0x4)
                0x0000000008003ac8                PROVIDE (__init_array_start = .)
 *(SORT_BY_NAME(.init_array.*))
 *(.init_array*)
 .init_array    0x0000000008003ac8        0x4 p:/cad/stm32cubeide_1.3.0/stm32cubeide/plugins/com.st.stm32cube.ide.mcu.externaltools.gnu-tools-for-stm32.7-2018-q2-update.win32_1.0.0.201904181610/tools/bin/../lib/gcc/arm-none-eabi/7.3.1/thumb/v7-m/crtbegin.o
                0x0000000008003acc                PROVIDE (__init_array_end = .)
                0x0000000008003acc                . = ALIGN (0x4)

.fini_array     0x0000000008003acc        0x4
                0x0000000008003acc                . = ALIGN (0x4)
                [!provide]                        PROVIDE (__fini_array_start = .)
 *(SORT_BY_NAME(.fini_array.*))
 *(.fini_array*)
 .fini_array    0x0000000008003acc        0x4 p:/cad/stm32cubeide_1.3.0/stm32cubeide/plugins/com.st.stm32cube.ide.mcu.externaltools.gnu-tools-for-stm32.7-2018-q2-update.win32_1.0.0.201904181610/tools/bin/../lib/gcc/arm-none-eabi/7.3.1/thumb/v7-m/crtbegin.o
                [!provide]                        PROVIDE (__fini_array_end = .)
                0x0000000008003ad0                . = ALIGN (0x4)
                0x0000000008003ad0                _sidata = LOADADDR (.data)

.data           0x0000000020000000      0x140 load address 0x0000000008003ad0
                0x0000000020000000                . = ALIGN (0x4)
                0x0000000020000000                _sdata = .
 *(.data)
 *(.data*)
 .data.SystemCoreClock
                0x0000000020000000        0x4 Core/Src/system_stm32f2xx.o
                0x0000000020000000                SystemCoreClock
 .data.uwTickFreq
                0x0000000020000004        0x1 Drivers/STM32F2xx_HAL_Driver/Src/stm32f2xx_hal.o
                0x0000000020000004                uwTickFreq
 *fill*         0x0000000020000005        0x3 
 .data.uwTickPrio
                0x0000000020000008        0x4 Drivers/STM32F2xx_HAL_Driver/Src/stm32f2xx_hal.o
                0x0000000020000008                uwTickPrio
 .data.USBD_DFU
                0x000000002000000c       0x3c Middlewares/ST/STM32_USB_Device_Library/Class/DFU/Src/usbd_dfu.o
                0x000000002000000c                USBD_DFU
 .data.USBD_DFU_CfgDesc
                0x0000000020000048       0x1b Middlewares/ST/STM32_USB_Device_Library/Class/DFU/Src/usbd_dfu.o
 *fill*         0x0000000020000063        0x1 
 .data.USBD_DFU_DeviceQualifierDesc
                0x0000000020000064        0xa Middlewares/ST/STM32_USB_Device_Library/Class/DFU/Src/usbd_dfu.o
 *fill*         0x000000002000006e        0x2 
 .data.FS_Desc  0x0000000020000070       0x1c USB_DEVICE/App/usbd_desc.o
                0x0000000020000070                FS_Desc
 .data.USBD_FS_DeviceDesc
                0x000000002000008c       0x12 USB_DEVICE/App/usbd_desc.o
                0x000000002000008c                USBD_FS_DeviceDesc
 *fill*         0x000000002000009e        0x2 
 .data.USBD_LangIDDesc
                0x00000000200000a0        0x4 USB_DEVICE/App/usbd_desc.o
                0x00000000200000a0                USBD_LangIDDesc
 .data.USBD_StringSerial
                0x00000000200000a4       0x1a USB_DEVICE/App/usbd_desc.o
                0x00000000200000a4                USBD_StringSerial
 *fill*         0x00000000200000be        0x2 
 .data.USBD_DFU_fops_FS
                0x00000000200000c0       0x1c USB_DEVICE/App/usbd_dfu_if.o
                0x00000000200000c0                USBD_DFU_fops_FS
 .data._impure_ptr
                0x00000000200000dc        0x4 p:/cad/stm32cubeide_1.3.0/stm32cubeide/plugins/com.st.stm32cube.ide.mcu.externaltools.gnu-tools-for-stm32.7-2018-q2-update.win32_1.0.0.201904181610/tools/bin/../lib/gcc/arm-none-eabi/7.3.1/../../../../arm-none-eabi/lib/thumb/v7-m\libc_nano.a(lib_a-impure.o)
                0x00000000200000dc                _impure_ptr
 .data.impure_data
                0x00000000200000e0       0x60 p:/cad/stm32cubeide_1.3.0/stm32cubeide/plugins/com.st.stm32cube.ide.mcu.externaltools.gnu-tools-for-stm32.7-2018-q2-update.win32_1.0.0.201904181610/tools/bin/../lib/gcc/arm-none-eabi/7.3.1/../../../../arm-none-eabi/lib/thumb/v7-m\libc_nano.a(lib_a-impure.o)
                0x0000000020000140                . = ALIGN (0x4)
                0x0000000020000140                _edata = .

.igot.plt       0x0000000020000140        0x0 load address 0x0000000008003c10
 .igot.plt      0x0000000020000140        0x0 p:/cad/stm32cubeide_1.3.0/stm32cubeide/plugins/com.st.stm32cube.ide.mcu.externaltools.gnu-tools-for-stm32.7-2018-q2-update.win32_1.0.0.201904181610/tools/bin/../lib/gcc/arm-none-eabi/7.3.1/thumb/v7-m/crtbegin.o
                0x0000000020000140                . = ALIGN (0x4)

.bss            0x0000000020000140      0xa14 load address 0x0000000008003c10
                0x0000000020000140                _sbss = .
                0x0000000020000140                __bss_start__ = _sbss
 *(.bss)
 .bss           0x0000000020000140       0x1c p:/cad/stm32cubeide_1.3.0/stm32cubeide/plugins/com.st.stm32cube.ide.mcu.externaltools.gnu-tools-for-stm32.7-2018-q2-update.win32_1.0.0.201904181610/tools/bin/../lib/gcc/arm-none-eabi/7.3.1/thumb/v7-m/crtbegin.o
 *(.bss*)
 .bss.heap_end.5149
                0x000000002000015c        0x4 Core/Src/sysmem.o
 .bss.USBD_StrDesc.8173
                0x0000000020000160       0xff Middlewares/ST/STM32_USB_Device_Library/Class/DFU/Src/usbd_dfu.o
 .bss.cfgidx.8106
                0x000000002000025f        0x1 Middlewares/ST/STM32_USB_Device_Library/Core/Src/usbd_ctlreq.o
 .bss.__malloc_free_list
                0x0000000020000260        0x4 p:/cad/stm32cubeide_1.3.0/stm32cubeide/plugins/com.st.stm32cube.ide.mcu.externaltools.gnu-tools-for-stm32.7-2018-q2-update.win32_1.0.0.201904181610/tools/bin/../lib/gcc/arm-none-eabi/7.3.1/../../../../arm-none-eabi/lib/thumb/v7-m\libc_nano.a(lib_a-nano-mallocr.o)
                0x0000000020000260                __malloc_free_list
 .bss.__malloc_sbrk_start
                0x0000000020000264        0x4 p:/cad/stm32cubeide_1.3.0/stm32cubeide/plugins/com.st.stm32cube.ide.mcu.externaltools.gnu-tools-for-stm32.7-2018-q2-update.win32_1.0.0.201904181610/tools/bin/../lib/gcc/arm-none-eabi/7.3.1/../../../../arm-none-eabi/lib/thumb/v7-m\libc_nano.a(lib_a-nano-mallocr.o)
                0x0000000020000264                __malloc_sbrk_start
 *(COMMON)
 COMMON         0x0000000020000268        0x4 Drivers/STM32F2xx_HAL_Driver/Src/stm32f2xx_hal.o
                0x0000000020000268                uwTick
 COMMON         0x000000002000026c       0x20 Drivers/STM32F2xx_HAL_Driver/Src/stm32f2xx_hal_flash.o
                0x000000002000026c                pFlash
 COMMON         0x000000002000028c      0x2c4 USB_DEVICE/App/usb_device.o
                0x000000002000028c                hUsbDeviceFS
 COMMON         0x0000000020000550      0x200 USB_DEVICE/App/usbd_desc.o
                0x0000000020000550                USBD_StrDesc
 COMMON         0x0000000020000750      0x400 USB_DEVICE/Target/usbd_conf.o
                0x0000000020000750                hpcd_USB_OTG_FS
 COMMON         0x0000000020000b50        0x4 p:/cad/stm32cubeide_1.3.0/stm32cubeide/plugins/com.st.stm32cube.ide.mcu.externaltools.gnu-tools-for-stm32.7-2018-q2-update.win32_1.0.0.201904181610/tools/bin/../lib/gcc/arm-none-eabi/7.3.1/../../../../arm-none-eabi/lib/thumb/v7-m\libc_nano.a(lib_a-reent.o)
                0x0000000020000b50                errno
                0x0000000020000b54                . = ALIGN (0x4)
                0x0000000020000b54                _ebss = .
                0x0000000020000b54                __bss_end__ = _ebss

._user_heap_stack
                0x0000000020000b54      0x604 load address 0x0000000008003c10
                0x0000000020000b58                . = ALIGN (0x8)
 *fill*         0x0000000020000b54        0x4 
                0x0000000020000b58                PROVIDE (end = .)
                [!provide]                        PROVIDE (_end = .)
                0x0000000020000d58                . = (. + _Min_Heap_Size)
 *fill*         0x0000000020000b58      0x200 
                0x0000000020001158                . = (. + _Min_Stack_Size)
 *fill*         0x0000000020000d58      0x400 
                0x0000000020001158                . = ALIGN (0x8)

/DISCARD/
 libc.a(*)
 libm.a(*)
 libgcc.a(*)

.ARM.attributes
                0x0000000000000000       0x29
 *(.ARM.attributes)
 .ARM.attributes
                0x0000000000000000       0x1d p:/cad/stm32cubeide_1.3.0/stm32cubeide/plugins/com.st.stm32cube.ide.mcu.externaltools.gnu-tools-for-stm32.7-2018-q2-update.win32_1.0.0.201904181610/tools/bin/../lib/gcc/arm-none-eabi/7.3.1/thumb/v7-m/crti.o
 .ARM.attributes
                0x000000000000001d       0x2d p:/cad/stm32cubeide_1.3.0/stm32cubeide/plugins/com.st.stm32cube.ide.mcu.externaltools.gnu-tools-for-stm32.7-2018-q2-update.win32_1.0.0.201904181610/tools/bin/../lib/gcc/arm-none-eabi/7.3.1/thumb/v7-m/crtbegin.o
 .ARM.attributes
                0x000000000000004a       0x33 Core/Src/main.o
 .ARM.attributes
                0x000000000000007d       0x33 Core/Src/stm32f2xx_hal_msp.o
 .ARM.attributes
                0x00000000000000b0       0x33 Core/Src/stm32f2xx_it.o
 .ARM.attributes
                0x00000000000000e3       0x33 Core/Src/sysmem.o
 .ARM.attributes
                0x0000000000000116       0x33 Core/Src/system_stm32f2xx.o
 .ARM.attributes
                0x0000000000000149       0x21 Core/Startup/startup_stm32f207zgtx.o
 .ARM.attributes
                0x000000000000016a       0x33 Drivers/STM32F2xx_HAL_Driver/Src/stm32f2xx_hal.o
 .ARM.attributes
                0x000000000000019d       0x33 Drivers/STM32F2xx_HAL_Driver/Src/stm32f2xx_hal_cortex.o
 .ARM.attributes
                0x00000000000001d0       0x33 Drivers/STM32F2xx_HAL_Driver/Src/stm32f2xx_hal_flash.o
 .ARM.attributes
                0x0000000000000203       0x33 Drivers/STM32F2xx_HAL_Driver/Src/stm32f2xx_hal_flash_ex.o
 .ARM.attributes
                0x0000000000000236       0x33 Drivers/STM32F2xx_HAL_Driver/Src/stm32f2xx_hal_gpio.o
 .ARM.attributes
                0x0000000000000269       0x33 Drivers/STM32F2xx_HAL_Driver/Src/stm32f2xx_hal_pcd.o
 .ARM.attributes
                0x000000000000029c       0x33 Drivers/STM32F2xx_HAL_Driver/Src/stm32f2xx_hal_pcd_ex.o
 .ARM.attributes
                0x00000000000002cf       0x33 Drivers/STM32F2xx_HAL_Driver/Src/stm32f2xx_hal_rcc.o
 .ARM.attributes
                0x0000000000000302       0x33 Drivers/STM32F2xx_HAL_Driver/Src/stm32f2xx_ll_usb.o
 .ARM.attributes
                0x0000000000000335       0x33 Middlewares/ST/STM32_USB_Device_Library/Class/DFU/Src/usbd_dfu.o
 .ARM.attributes
                0x0000000000000368       0x33 Middlewares/ST/STM32_USB_Device_Library/Core/Src/usbd_core.o
 .ARM.attributes
                0x000000000000039b       0x33 Middlewares/ST/STM32_USB_Device_Library/Core/Src/usbd_ctlreq.o
 .ARM.attributes
                0x00000000000003ce       0x33 Middlewares/ST/STM32_USB_Device_Library/Core/Src/usbd_ioreq.o
 .ARM.attributes
                0x0000000000000401       0x33 USB_DEVICE/App/usb_device.o
 .ARM.attributes
                0x0000000000000434       0x33 USB_DEVICE/App/usbd_desc.o
 .ARM.attributes
                0x0000000000000467       0x33 USB_DEVICE/App/usbd_dfu_if.o
 .ARM.attributes
                0x000000000000049a       0x33 USB_DEVICE/Target/usbd_conf.o
 .ARM.attributes
                0x00000000000004cd       0x2d p:/cad/stm32cubeide_1.3.0/stm32cubeide/plugins/com.st.stm32cube.ide.mcu.externaltools.gnu-tools-for-stm32.7-2018-q2-update.win32_1.0.0.201904181610/tools/bin/../lib/gcc/arm-none-eabi/7.3.1/../../../../arm-none-eabi/lib/thumb/v7-m\libc_nano.a(lib_a-errno.o)
 .ARM.attributes
                0x00000000000004fa       0x2d p:/cad/stm32cubeide_1.3.0/stm32cubeide/plugins/com.st.stm32cube.ide.mcu.externaltools.gnu-tools-for-stm32.7-2018-q2-update.win32_1.0.0.201904181610/tools/bin/../lib/gcc/arm-none-eabi/7.3.1/../../../../arm-none-eabi/lib/thumb/v7-m\libc_nano.a(lib_a-impure.o)
 .ARM.attributes
                0x0000000000000527       0x2d p:/cad/stm32cubeide_1.3.0/stm32cubeide/plugins/com.st.stm32cube.ide.mcu.externaltools.gnu-tools-for-stm32.7-2018-q2-update.win32_1.0.0.201904181610/tools/bin/../lib/gcc/arm-none-eabi/7.3.1/../../../../arm-none-eabi/lib/thumb/v7-m\libc_nano.a(lib_a-init.o)
 .ARM.attributes
                0x0000000000000554       0x2d p:/cad/stm32cubeide_1.3.0/stm32cubeide/plugins/com.st.stm32cube.ide.mcu.externaltools.gnu-tools-for-stm32.7-2018-q2-update.win32_1.0.0.201904181610/tools/bin/../lib/gcc/arm-none-eabi/7.3.1/../../../../arm-none-eabi/lib/thumb/v7-m\libc_nano.a(lib_a-malloc.o)
 .ARM.attributes
                0x0000000000000581       0x2d p:/cad/stm32cubeide_1.3.0/stm32cubeide/plugins/com.st.stm32cube.ide.mcu.externaltools.gnu-tools-for-stm32.7-2018-q2-update.win32_1.0.0.201904181610/tools/bin/../lib/gcc/arm-none-eabi/7.3.1/../../../../arm-none-eabi/lib/thumb/v7-m\libc_nano.a(lib_a-memset.o)
 .ARM.attributes
                0x00000000000005ae       0x2d p:/cad/stm32cubeide_1.3.0/stm32cubeide/plugins/com.st.stm32cube.ide.mcu.externaltools.gnu-tools-for-stm32.7-2018-q2-update.win32_1.0.0.201904181610/tools/bin/../lib/gcc/arm-none-eabi/7.3.1/../../../../arm-none-eabi/lib/thumb/v7-m\libc_nano.a(lib_a-nano-freer.o)
 .ARM.attributes
                0x00000000000005db       0x2d p:/cad/stm32cubeide_1.3.0/stm32cubeide/plugins/com.st.stm32cube.ide.mcu.externaltools.gnu-tools-for-stm32.7-2018-q2-update.win32_1.0.0.201904181610/tools/bin/../lib/gcc/arm-none-eabi/7.3.1/../../../../arm-none-eabi/lib/thumb/v7-m\libc_nano.a(lib_a-nano-mallocr.o)
 .ARM.attributes
                0x0000000000000608       0x2d p:/cad/stm32cubeide_1.3.0/stm32cubeide/plugins/com.st.stm32cube.ide.mcu.externaltools.gnu-tools-for-stm32.7-2018-q2-update.win32_1.0.0.201904181610/tools/bin/../lib/gcc/arm-none-eabi/7.3.1/../../../../arm-none-eabi/lib/thumb/v7-m\libc_nano.a(lib_a-sbrkr.o)
 .ARM.attributes
                0x0000000000000635       0x2d p:/cad/stm32cubeide_1.3.0/stm32cubeide/plugins/com.st.stm32cube.ide.mcu.externaltools.gnu-tools-for-stm32.7-2018-q2-update.win32_1.0.0.201904181610/tools/bin/../lib/gcc/arm-none-eabi/7.3.1/../../../../arm-none-eabi/lib/thumb/v7-m\libc_nano.a(lib_a-mlock.o)
 .ARM.attributes
                0x0000000000000662       0x2d p:/cad/stm32cubeide_1.3.0/stm32cubeide/plugins/com.st.stm32cube.ide.mcu.externaltools.gnu-tools-for-stm32.7-2018-q2-update.win32_1.0.0.201904181610/tools/bin/../lib/gcc/arm-none-eabi/7.3.1/../../../../arm-none-eabi/lib/thumb/v7-m\libc_nano.a(lib_a-reent.o)
 .ARM.attributes
                0x000000000000068f       0x1d p:/cad/stm32cubeide_1.3.0/stm32cubeide/plugins/com.st.stm32cube.ide.mcu.externaltools.gnu-tools-for-stm32.7-2018-q2-update.win32_1.0.0.201904181610/tools/bin/../lib/gcc/arm-none-eabi/7.3.1/thumb/v7-m\libgcc.a(_aeabi_uldivmod.o)
 .ARM.attributes
                0x00000000000006ac       0x2d p:/cad/stm32cubeide_1.3.0/stm32cubeide/plugins/com.st.stm32cube.ide.mcu.externaltools.gnu-tools-for-stm32.7-2018-q2-update.win32_1.0.0.201904181610/tools/bin/../lib/gcc/arm-none-eabi/7.3.1/thumb/v7-m\libgcc.a(_udivmoddi4.o)
 .ARM.attributes
                0x00000000000006d9       0x1d p:/cad/stm32cubeide_1.3.0/stm32cubeide/plugins/com.st.stm32cube.ide.mcu.externaltools.gnu-tools-for-stm32.7-2018-q2-update.win32_1.0.0.201904181610/tools/bin/../lib/gcc/arm-none-eabi/7.3.1/thumb/v7-m\libgcc.a(_dvmd_tls.o)
 .ARM.attributes
                0x00000000000006f6       0x1d p:/cad/stm32cubeide_1.3.0/stm32cubeide/plugins/com.st.stm32cube.ide.mcu.externaltools.gnu-tools-for-stm32.7-2018-q2-update.win32_1.0.0.201904181610/tools/bin/../lib/gcc/arm-none-eabi/7.3.1/thumb/v7-m/crtn.o
OUTPUT(bootloader.elf elf32-littlearm)

.debug_info     0x0000000000000000    0x152a1
 .debug_info    0x0000000000000000     0x171e Core/Src/main.o
 .debug_info    0x000000000000171e      0x35e Core/Src/stm32f2xx_hal_msp.o
 .debug_info    0x0000000000001a7c      0x676 Core/Src/stm32f2xx_it.o
 .debug_info    0x00000000000020f2      0x936 Core/Src/sysmem.o
 .debug_info    0x0000000000002a28      0x559 Core/Src/system_stm32f2xx.o
 .debug_info    0x0000000000002f81       0x22 Core/Startup/startup_stm32f207zgtx.o
 .debug_info    0x0000000000002fa3      0xa82 Drivers/STM32F2xx_HAL_Driver/Src/stm32f2xx_hal.o
 .debug_info    0x0000000000003a25      0xf86 Drivers/STM32F2xx_HAL_Driver/Src/stm32f2xx_hal_cortex.o
 .debug_info    0x00000000000049ab      0x7a7 Drivers/STM32F2xx_HAL_Driver/Src/stm32f2xx_hal_flash.o
 .debug_info    0x0000000000005152      0x928 Drivers/STM32F2xx_HAL_Driver/Src/stm32f2xx_hal_flash_ex.o
 .debug_info    0x0000000000005a7a      0x78e Drivers/STM32F2xx_HAL_Driver/Src/stm32f2xx_hal_gpio.o
 .debug_info    0x0000000000006208     0x1729 Drivers/STM32F2xx_HAL_Driver/Src/stm32f2xx_hal_pcd.o
 .debug_info    0x0000000000007931      0x739 Drivers/STM32F2xx_HAL_Driver/Src/stm32f2xx_hal_pcd_ex.o
 .debug_info    0x000000000000806a      0xd4e Drivers/STM32F2xx_HAL_Driver/Src/stm32f2xx_hal_rcc.o
 .debug_info    0x0000000000008db8     0x1ba8 Drivers/STM32F2xx_HAL_Driver/Src/stm32f2xx_ll_usb.o
 .debug_info    0x000000000000a960     0x1a19 Middlewares/ST/STM32_USB_Device_Library/Class/DFU/Src/usbd_dfu.o
 .debug_info    0x000000000000c379     0x1534 Middlewares/ST/STM32_USB_Device_Library/Core/Src/usbd_core.o
 .debug_info    0x000000000000d8ad     0x159e Middlewares/ST/STM32_USB_Device_Library/Core/Src/usbd_ctlreq.o
 .debug_info    0x000000000000ee4b     0x1058 Middlewares/ST/STM32_USB_Device_Library/Core/Src/usbd_ioreq.o
 .debug_info    0x000000000000fea3      0xfaa USB_DEVICE/App/usb_device.o
 .debug_info    0x0000000000010e4d      0xea0 USB_DEVICE/App/usbd_desc.o
 .debug_info    0x0000000000011ced     0x11b1 USB_DEVICE/App/usbd_dfu_if.o
 .debug_info    0x0000000000012e9e     0x2403 USB_DEVICE/Target/usbd_conf.o

.debug_abbrev   0x0000000000000000     0x39b7
 .debug_abbrev  0x0000000000000000      0x302 Core/Src/main.o
 .debug_abbrev  0x0000000000000302      0x107 Core/Src/stm32f2xx_hal_msp.o
 .debug_abbrev  0x0000000000000409      0x1c6 Core/Src/stm32f2xx_it.o
 .debug_abbrev  0x00000000000005cf      0x1e8 Core/Src/sysmem.o
 .debug_abbrev  0x00000000000007b7      0x12b Core/Src/system_stm32f2xx.o
 .debug_abbrev  0x00000000000008e2       0x12 Core/Startup/startup_stm32f207zgtx.o
 .debug_abbrev  0x00000000000008f4      0x28c Drivers/STM32F2xx_HAL_Driver/Src/stm32f2xx_hal.o
 .debug_abbrev  0x0000000000000b80      0x331 Drivers/STM32F2xx_HAL_Driver/Src/stm32f2xx_hal_cortex.o
 .debug_abbrev  0x0000000000000eb1      0x2e6 Drivers/STM32F2xx_HAL_Driver/Src/stm32f2xx_hal_flash.o
 .debug_abbrev  0x0000000000001197      0x2da Drivers/STM32F2xx_HAL_Driver/Src/stm32f2xx_hal_flash_ex.o
 .debug_abbrev  0x0000000000001471      0x1eb Drivers/STM32F2xx_HAL_Driver/Src/stm32f2xx_hal_gpio.o
 .debug_abbrev  0x000000000000165c      0x33b Drivers/STM32F2xx_HAL_Driver/Src/stm32f2xx_hal_pcd.o
 .debug_abbrev  0x0000000000001997      0x1e3 Drivers/STM32F2xx_HAL_Driver/Src/stm32f2xx_hal_pcd_ex.o
 .debug_abbrev  0x0000000000001b7a      0x2fd Drivers/STM32F2xx_HAL_Driver/Src/stm32f2xx_hal_rcc.o
 .debug_abbrev  0x0000000000001e77      0x33d Drivers/STM32F2xx_HAL_Driver/Src/stm32f2xx_ll_usb.o
 .debug_abbrev  0x00000000000021b4      0x3ef Middlewares/ST/STM32_USB_Device_Library/Class/DFU/Src/usbd_dfu.o
 .debug_abbrev  0x00000000000025a3      0x327 Middlewares/ST/STM32_USB_Device_Library/Core/Src/usbd_core.o
 .debug_abbrev  0x00000000000028ca      0x3b3 Middlewares/ST/STM32_USB_Device_Library/Core/Src/usbd_ctlreq.o
 .debug_abbrev  0x0000000000002c7d      0x1fc Middlewares/ST/STM32_USB_Device_Library/Core/Src/usbd_ioreq.o
 .debug_abbrev  0x0000000000002e79      0x203 USB_DEVICE/App/usb_device.o
 .debug_abbrev  0x000000000000307c      0x338 USB_DEVICE/App/usbd_desc.o
 .debug_abbrev  0x00000000000033b4      0x2b0 USB_DEVICE/App/usbd_dfu_if.o
 .debug_abbrev  0x0000000000003664      0x353 USB_DEVICE/Target/usbd_conf.o

.debug_loc      0x0000000000000000     0x68d4
 .debug_loc     0x0000000000000000       0x13 Core/Src/main.o
 .debug_loc     0x0000000000000013       0x4a Core/Src/sysmem.o
 .debug_loc     0x000000000000005d      0x11c Core/Src/system_stm32f2xx.o
 .debug_loc     0x0000000000000179      0x11a Drivers/STM32F2xx_HAL_Driver/Src/stm32f2xx_hal.o
 .debug_loc     0x0000000000000293      0x478 Drivers/STM32F2xx_HAL_Driver/Src/stm32f2xx_hal_cortex.o
 .debug_loc     0x000000000000070b      0x2d3 Drivers/STM32F2xx_HAL_Driver/Src/stm32f2xx_hal_flash.o
 .debug_loc     0x00000000000009de      0x3f5 Drivers/STM32F2xx_HAL_Driver/Src/stm32f2xx_hal_flash_ex.o
 .debug_loc     0x0000000000000dd3      0x2c8 Drivers/STM32F2xx_HAL_Driver/Src/stm32f2xx_hal_gpio.o
 .debug_loc     0x000000000000109b      0xbc3 Drivers/STM32F2xx_HAL_Driver/Src/stm32f2xx_hal_pcd.o
 .debug_loc     0x0000000000001c5e       0xdf Drivers/STM32F2xx_HAL_Driver/Src/stm32f2xx_hal_pcd_ex.o
 .debug_loc     0x0000000000001d3d      0x4fc Drivers/STM32F2xx_HAL_Driver/Src/stm32f2xx_hal_rcc.o
 .debug_loc     0x0000000000002239     0x1b29 Drivers/STM32F2xx_HAL_Driver/Src/stm32f2xx_ll_usb.o
 .debug_loc     0x0000000000003d62      0xa0c Middlewares/ST/STM32_USB_Device_Library/Class/DFU/Src/usbd_dfu.o
 .debug_loc     0x000000000000476e      0x703 Middlewares/ST/STM32_USB_Device_Library/Core/Src/usbd_core.o
 .debug_loc     0x0000000000004e71      0x96a Middlewares/ST/STM32_USB_Device_Library/Core/Src/usbd_ctlreq.o
 .debug_loc     0x00000000000057db      0x23c Middlewares/ST/STM32_USB_Device_Library/Core/Src/usbd_ioreq.o
 .debug_loc     0x0000000000005a17      0x2ec USB_DEVICE/App/usbd_desc.o
 .debug_loc     0x0000000000005d03      0x2c8 USB_DEVICE/App/usbd_dfu_if.o
 .debug_loc     0x0000000000005fcb      0x909 USB_DEVICE/Target/usbd_conf.o

.debug_aranges  0x0000000000000000      0xa58
 .debug_aranges
                0x0000000000000000       0x30 Core/Src/main.o
 .debug_aranges
                0x0000000000000030       0x20 Core/Src/stm32f2xx_hal_msp.o
 .debug_aranges
                0x0000000000000050       0x50 Core/Src/stm32f2xx_it.o
 .debug_aranges
                0x00000000000000a0       0x20 Core/Src/sysmem.o
 .debug_aranges
                0x00000000000000c0       0x28 Core/Src/system_stm32f2xx.o
 .debug_aranges
                0x00000000000000e8       0x28 Core/Startup/startup_stm32f207zgtx.o
 .debug_aranges
                0x0000000000000110       0xe8 Drivers/STM32F2xx_HAL_Driver/Src/stm32f2xx_hal.o
 .debug_aranges
                0x00000000000001f8       0xa8 Drivers/STM32F2xx_HAL_Driver/Src/stm32f2xx_hal_cortex.o
 .debug_aranges
                0x00000000000002a0       0x90 Drivers/STM32F2xx_HAL_Driver/Src/stm32f2xx_hal_flash.o
 .debug_aranges
                0x0000000000000330       0x50 Drivers/STM32F2xx_HAL_Driver/Src/stm32f2xx_hal_flash_ex.o
 .debug_aranges
                0x0000000000000380       0x58 Drivers/STM32F2xx_HAL_Driver/Src/stm32f2xx_hal_gpio.o
 .debug_aranges
                0x00000000000003d8       0xc0 Drivers/STM32F2xx_HAL_Driver/Src/stm32f2xx_hal_pcd.o
 .debug_aranges
                0x0000000000000498       0x30 Drivers/STM32F2xx_HAL_Driver/Src/stm32f2xx_hal_pcd_ex.o
 .debug_aranges
                0x00000000000004c8       0x88 Drivers/STM32F2xx_HAL_Driver/Src/stm32f2xx_hal_rcc.o
 .debug_aranges
                0x0000000000000550      0x198 Drivers/STM32F2xx_HAL_Driver/Src/stm32f2xx_ll_usb.o
 .debug_aranges
                0x00000000000006e8       0x68 Middlewares/ST/STM32_USB_Device_Library/Class/DFU/Src/usbd_dfu.o
 .debug_aranges
                0x0000000000000750       0xa8 Middlewares/ST/STM32_USB_Device_Library/Core/Src/usbd_core.o
 .debug_aranges
                0x00000000000007f8       0x50 Middlewares/ST/STM32_USB_Device_Library/Core/Src/usbd_ctlreq.o
 .debug_aranges
                0x0000000000000848       0x50 Middlewares/ST/STM32_USB_Device_Library/Core/Src/usbd_ioreq.o
 .debug_aranges
                0x0000000000000898       0x20 USB_DEVICE/App/usb_device.o
 .debug_aranges
                0x00000000000008b8       0x58 USB_DEVICE/App/usbd_desc.o
 .debug_aranges
                0x0000000000000910       0x48 USB_DEVICE/App/usbd_dfu_if.o
 .debug_aranges
                0x0000000000000958      0x100 USB_DEVICE/Target/usbd_conf.o

.debug_ranges   0x0000000000000000      0xd70
 .debug_ranges  0x0000000000000000       0x60 Core/Src/main.o
 .debug_ranges  0x0000000000000060       0x28 Core/Src/stm32f2xx_hal_msp.o
 .debug_ranges  0x0000000000000088       0x40 Core/Src/stm32f2xx_it.o
 .debug_ranges  0x00000000000000c8       0x10 Core/Src/sysmem.o
 .debug_ranges  0x00000000000000d8       0x18 Core/Src/system_stm32f2xx.o
 .debug_ranges  0x00000000000000f0       0x20 Core/Startup/startup_stm32f207zgtx.o
 .debug_ranges  0x0000000000000110       0xd8 Drivers/STM32F2xx_HAL_Driver/Src/stm32f2xx_hal.o
 .debug_ranges  0x00000000000001e8      0x160 Drivers/STM32F2xx_HAL_Driver/Src/stm32f2xx_hal_cortex.o
 .debug_ranges  0x0000000000000348       0xb0 Drivers/STM32F2xx_HAL_Driver/Src/stm32f2xx_hal_flash.o
 .debug_ranges  0x00000000000003f8       0xd8 Drivers/STM32F2xx_HAL_Driver/Src/stm32f2xx_hal_flash_ex.o
 .debug_ranges  0x00000000000004d0       0x78 Drivers/STM32F2xx_HAL_Driver/Src/stm32f2xx_hal_gpio.o
 .debug_ranges  0x0000000000000548       0xf8 Drivers/STM32F2xx_HAL_Driver/Src/stm32f2xx_hal_pcd.o
 .debug_ranges  0x0000000000000640       0x20 Drivers/STM32F2xx_HAL_Driver/Src/stm32f2xx_hal_pcd_ex.o
 .debug_ranges  0x0000000000000660      0x178 Drivers/STM32F2xx_HAL_Driver/Src/stm32f2xx_hal_rcc.o
 .debug_ranges  0x00000000000007d8      0x1b8 Drivers/STM32F2xx_HAL_Driver/Src/stm32f2xx_ll_usb.o
 .debug_ranges  0x0000000000000990       0xb8 Middlewares/ST/STM32_USB_Device_Library/Class/DFU/Src/usbd_dfu.o
 .debug_ranges  0x0000000000000a48       0x98 Middlewares/ST/STM32_USB_Device_Library/Core/Src/usbd_core.o
 .debug_ranges  0x0000000000000ae0       0x90 Middlewares/ST/STM32_USB_Device_Library/Core/Src/usbd_ctlreq.o
 .debug_ranges  0x0000000000000b70       0x40 Middlewares/ST/STM32_USB_Device_Library/Core/Src/usbd_ioreq.o
 .debug_ranges  0x0000000000000bb0       0x10 USB_DEVICE/App/usb_device.o
 .debug_ranges  0x0000000000000bc0       0x48 USB_DEVICE/App/usbd_desc.o
 .debug_ranges  0x0000000000000c08       0x38 USB_DEVICE/App/usbd_dfu_if.o
 .debug_ranges  0x0000000000000c40      0x130 USB_DEVICE/Target/usbd_conf.o

.debug_macro    0x0000000000000000    0x21e9d
 .debug_macro   0x0000000000000000      0x408 Core/Src/main.o
 .debug_macro   0x0000000000000408      0xa60 Core/Src/main.o
 .debug_macro   0x0000000000000e68      0x231 Core/Src/main.o
 .debug_macro   0x0000000000001099       0x2e Core/Src/main.o
 .debug_macro   0x00000000000010c7       0x22 Core/Src/main.o
 .debug_macro   0x00000000000010e9       0x22 Core/Src/main.o
 .debug_macro   0x000000000000110b       0x8e Core/Src/main.o
 .debug_macro   0x0000000000001199       0x51 Core/Src/main.o
 .debug_macro   0x00000000000011ea       0xef Core/Src/main.o
 .debug_macro   0x00000000000012d9       0x6a Core/Src/main.o
 .debug_macro   0x0000000000001343      0x1df Core/Src/main.o
 .debug_macro   0x0000000000001522       0x1c Core/Src/main.o
 .debug_macro   0x000000000000153e       0x22 Core/Src/main.o
 .debug_macro   0x0000000000001560       0xc3 Core/Src/main.o
 .debug_macro   0x0000000000001623      0xe49 Core/Src/main.o
 .debug_macro   0x000000000000246c      0x11f Core/Src/main.o
 .debug_macro   0x000000000000258b    0x14fe1 Core/Src/main.o
 .debug_macro   0x000000000001756c       0x43 Core/Src/main.o
 .debug_macro   0x00000000000175af     0x3510 Core/Src/main.o
 .debug_macro   0x000000000001aabf      0x174 Core/Src/main.o
 .debug_macro   0x000000000001ac33       0x53 Core/Src/main.o
 .debug_macro   0x000000000001ac86     0x103b Core/Src/main.o
 .debug_macro   0x000000000001bcc1      0x153 Core/Src/main.o
 .debug_macro   0x000000000001be14      0x170 Core/Src/main.o
 .debug_macro   0x000000000001bf84      0x117 Core/Src/main.o
 .debug_macro   0x000000000001c09b      0x108 Core/Src/main.o
 .debug_macro   0x000000000001c1a3       0x27 Core/Src/main.o
 .debug_macro   0x000000000001c1ca      0x16a Core/Src/main.o
 .debug_macro   0x000000000001c334      0x287 Core/Src/main.o
 .debug_macro   0x000000000001c5bb       0x5f Core/Src/main.o
 .debug_macro   0x000000000001c61a      0x236 Core/Src/main.o
 .debug_macro   0x000000000001c850      0x126 Core/Src/main.o
 .debug_macro   0x000000000001c976      0x216 Core/Src/main.o
 .debug_macro   0x000000000001cb8c       0x2e Core/Src/main.o
 .debug_macro   0x000000000001cbba      0x113 Core/Src/main.o
 .debug_macro   0x000000000001cccd       0x22 Core/Src/main.o
 .debug_macro   0x000000000001ccef       0x82 Core/Src/main.o
 .debug_macro   0x000000000001cd71      0x225 Core/Src/main.o
 .debug_macro   0x000000000001cf96       0xe4 Core/Src/main.o
 .debug_macro   0x000000000001d07a      0x12d Core/Src/main.o
 .debug_macro   0x000000000001d1a7       0x10 Core/Src/main.o
 .debug_macro   0x000000000001d1b7       0x46 Core/Src/main.o
 .debug_macro   0x000000000001d1fd       0x18 Core/Src/main.o
 .debug_macro   0x000000000001d215       0x3c Core/Src/main.o
 .debug_macro   0x000000000001d251       0x34 Core/Src/main.o
 .debug_macro   0x000000000001d285       0x16 Core/Src/main.o
 .debug_macro   0x000000000001d29b       0x35 Core/Src/main.o
 .debug_macro   0x000000000001d2d0      0x32a Core/Src/main.o
 .debug_macro   0x000000000001d5fa       0x10 Core/Src/main.o
 .debug_macro   0x000000000001d60a       0x52 Core/Src/main.o
 .debug_macro   0x000000000001d65c       0x1f Core/Src/main.o
 .debug_macro   0x000000000001d67b       0x43 Core/Src/main.o
 .debug_macro   0x000000000001d6be       0x20 Core/Src/main.o
 .debug_macro   0x000000000001d6de      0x1a3 Core/Src/main.o
 .debug_macro   0x000000000001d881       0x10 Core/Src/main.o
 .debug_macro   0x000000000001d891       0x1c Core/Src/main.o
 .debug_macro   0x000000000001d8ad       0x52 Core/Src/main.o
 .debug_macro   0x000000000001d8ff       0x40 Core/Src/main.o
 .debug_macro   0x000000000001d93f       0x10 Core/Src/main.o
 .debug_macro   0x000000000001d94f       0x40 Core/Src/main.o
 .debug_macro   0x000000000001d98f       0xd7 Core/Src/main.o
 .debug_macro   0x000000000001da66       0x1c Core/Src/main.o
 .debug_macro   0x000000000001da82       0x3d Core/Src/main.o
 .debug_macro   0x000000000001dabf       0x16 Core/Src/main.o
 .debug_macro   0x000000000001dad5      0x145 Core/Src/main.o
 .debug_macro   0x000000000001dc1a       0x16 Core/Src/main.o
 .debug_macro   0x000000000001dc30       0x16 Core/Src/main.o
 .debug_macro   0x000000000001dc46       0x29 Core/Src/main.o
 .debug_macro   0x000000000001dc6f       0x16 Core/Src/main.o
 .debug_macro   0x000000000001dc85       0x20 Core/Src/main.o
 .debug_macro   0x000000000001dca5       0x7e Core/Src/main.o
 .debug_macro   0x000000000001dd23      0x1bc Core/Src/main.o
 .debug_macro   0x000000000001dedf      0x10a Core/Src/main.o
 .debug_macro   0x000000000001dfe9       0x16 Core/Src/main.o
 .debug_macro   0x000000000001dfff      0x1dc Core/Src/stm32f2xx_hal_msp.o
 .debug_macro   0x000000000001e1db      0x1e6 Core/Src/stm32f2xx_it.o
 .debug_macro   0x000000000001e3c1      0x1ae Core/Src/sysmem.o
 .debug_macro   0x000000000001e56f      0x23b Core/Src/sysmem.o
 .debug_macro   0x000000000001e7aa      0x1d3 Core/Src/system_stm32f2xx.o
 .debug_macro   0x000000000001e97d      0x21b Drivers/STM32F2xx_HAL_Driver/Src/stm32f2xx_hal.o
 .debug_macro   0x000000000001eb98      0x1cd Drivers/STM32F2xx_HAL_Driver/Src/stm32f2xx_hal_cortex.o
 .debug_macro   0x000000000001ed65      0x1d3 Drivers/STM32F2xx_HAL_Driver/Src/stm32f2xx_hal_flash.o
 .debug_macro   0x000000000001ef38      0x1d3 Drivers/STM32F2xx_HAL_Driver/Src/stm32f2xx_hal_flash_ex.o
 .debug_macro   0x000000000001f10b      0x205 Drivers/STM32F2xx_HAL_Driver/Src/stm32f2xx_hal_gpio.o
 .debug_macro   0x000000000001f310      0x1d9 Drivers/STM32F2xx_HAL_Driver/Src/stm32f2xx_hal_pcd.o
 .debug_macro   0x000000000001f4e9      0x1cd Drivers/STM32F2xx_HAL_Driver/Src/stm32f2xx_hal_pcd_ex.o
 .debug_macro   0x000000000001f6b6      0x1f7 Drivers/STM32F2xx_HAL_Driver/Src/stm32f2xx_hal_rcc.o
 .debug_macro   0x000000000001f8ad      0x1cd Drivers/STM32F2xx_HAL_Driver/Src/stm32f2xx_ll_usb.o
 .debug_macro   0x000000000001fa7a      0x3e9 Middlewares/ST/STM32_USB_Device_Library/Class/DFU/Src/usbd_dfu.o
 .debug_macro   0x000000000001fe63       0x97 Middlewares/ST/STM32_USB_Device_Library/Class/DFU/Src/usbd_dfu.o
 .debug_macro   0x000000000001fefa       0xfd Middlewares/ST/STM32_USB_Device_Library/Class/DFU/Src/usbd_dfu.o
 .debug_macro   0x000000000001fff7       0xbd Middlewares/ST/STM32_USB_Device_Library/Class/DFU/Src/usbd_dfu.o
 .debug_macro   0x00000000000200b4       0x4d Middlewares/ST/STM32_USB_Device_Library/Class/DFU/Src/usbd_dfu.o
 .debug_macro   0x0000000000020101      0x3d0 Middlewares/ST/STM32_USB_Device_Library/Core/Src/usbd_core.o
 .debug_macro   0x00000000000204d1      0x1c2 Middlewares/ST/STM32_USB_Device_Library/Core/Src/usbd_core.o
 .debug_macro   0x0000000000020693      0x3da Middlewares/ST/STM32_USB_Device_Library/Core/Src/usbd_ctlreq.o
 .debug_macro   0x0000000000020a6d      0x3d6 Middlewares/ST/STM32_USB_Device_Library/Core/Src/usbd_ioreq.o
 .debug_macro   0x0000000000020e43      0x409 USB_DEVICE/App/usb_device.o
 .debug_macro   0x000000000002124c       0x16 USB_DEVICE/App/usb_device.o
 .debug_macro   0x0000000000021262       0x22 USB_DEVICE/App/usb_device.o
 .debug_macro   0x0000000000021284       0x1c USB_DEVICE/App/usb_device.o
 .debug_macro   0x00000000000212a0      0x40d USB_DEVICE/App/usbd_desc.o
 .debug_macro   0x00000000000216ad       0x1c USB_DEVICE/App/usbd_desc.o
 .debug_macro   0x00000000000216c9      0x3fa USB_DEVICE/App/usbd_dfu_if.o
 .debug_macro   0x0000000000021ac3      0x3da USB_DEVICE/Target/usbd_conf.o

.debug_line     0x0000000000000000     0xd114
 .debug_line    0x0000000000000000      0xa4c Core/Src/main.o
 .debug_line    0x0000000000000a4c      0x6a4 Core/Src/stm32f2xx_hal_msp.o
 .debug_line    0x00000000000010f0      0x70f Core/Src/stm32f2xx_it.o
 .debug_line    0x00000000000017ff      0x566 Core/Src/sysmem.o
 .debug_line    0x0000000000001d65      0x6d1 Core/Src/system_stm32f2xx.o
 .debug_line    0x0000000000002436       0x85 Core/Startup/startup_stm32f207zgtx.o
 .debug_line    0x00000000000024bb      0x8af Drivers/STM32F2xx_HAL_Driver/Src/stm32f2xx_hal.o
 .debug_line    0x0000000000002d6a      0x92b Drivers/STM32F2xx_HAL_Driver/Src/stm32f2xx_hal_cortex.o
 .debug_line    0x0000000000003695      0x8b6 Drivers/STM32F2xx_HAL_Driver/Src/stm32f2xx_hal_flash.o
 .debug_line    0x0000000000003f4b      0x86a Drivers/STM32F2xx_HAL_Driver/Src/stm32f2xx_hal_flash_ex.o
 .debug_line    0x00000000000047b5      0x871 Drivers/STM32F2xx_HAL_Driver/Src/stm32f2xx_hal_gpio.o
 .debug_line    0x0000000000005026      0xb3d Drivers/STM32F2xx_HAL_Driver/Src/stm32f2xx_hal_pcd.o
 .debug_line    0x0000000000005b63      0x6f6 Drivers/STM32F2xx_HAL_Driver/Src/stm32f2xx_hal_pcd_ex.o
 .debug_line    0x0000000000006259      0xa33 Drivers/STM32F2xx_HAL_Driver/Src/stm32f2xx_hal_rcc.o
 .debug_line    0x0000000000006c8c      0xde5 Drivers/STM32F2xx_HAL_Driver/Src/stm32f2xx_ll_usb.o
 .debug_line    0x0000000000007a71      0xbf0 Middlewares/ST/STM32_USB_Device_Library/Class/DFU/Src/usbd_dfu.o
 .debug_line    0x0000000000008661      0xb65 Middlewares/ST/STM32_USB_Device_Library/Core/Src/usbd_core.o
 .debug_line    0x00000000000091c6      0xb27 Middlewares/ST/STM32_USB_Device_Library/Core/Src/usbd_ctlreq.o
 .debug_line    0x0000000000009ced      0x9fb Middlewares/ST/STM32_USB_Device_Library/Core/Src/usbd_ioreq.o
 .debug_line    0x000000000000a6e8      0x9e3 USB_DEVICE/App/usb_device.o
 .debug_line    0x000000000000b0cb      0xa16 USB_DEVICE/App/usbd_desc.o
 .debug_line    0x000000000000bae1      0xa96 USB_DEVICE/App/usbd_dfu_if.o
 .debug_line    0x000000000000c577      0xb9d USB_DEVICE/Target/usbd_conf.o

.debug_str      0x0000000000000000    0xbc143
 .debug_str     0x0000000000000000    0xb8843 Core/Src/main.o
                                      0xb8c15 (size before relaxing)
 .debug_str     0x00000000000b8843       0x2c Core/Src/stm32f2xx_hal_msp.o
                                      0xb3199 (size before relaxing)
 .debug_str     0x00000000000b886f      0x419 Core/Src/stm32f2xx_it.o
                                      0xb34d8 (size before relaxing)
 .debug_str     0x00000000000b8c88      0x4d9 Core/Src/sysmem.o
                                       0x7ad1 (size before relaxing)
 .debug_str     0x00000000000b9161       0x70 Core/Src/system_stm32f2xx.o
                                      0xb31f4 (size before relaxing)
 .debug_str     0x00000000000b91d1       0x36 Core/Startup/startup_stm32f207zgtx.o
                                         0x5b (size before relaxing)
 .debug_str     0x00000000000b9207      0x9bc Drivers/STM32F2xx_HAL_Driver/Src/stm32f2xx_hal.o
                                      0xb3c5b (size before relaxing)
 .debug_str     0x00000000000b9bc3      0x360 Drivers/STM32F2xx_HAL_Driver/Src/stm32f2xx_hal_cortex.o
                                      0xb3ab6 (size before relaxing)
 .debug_str     0x00000000000b9f23      0x2d6 Drivers/STM32F2xx_HAL_Driver/Src/stm32f2xx_hal_flash.o
                                      0xb33f4 (size before relaxing)
 .debug_str     0x00000000000ba1f9      0x233 Drivers/STM32F2xx_HAL_Driver/Src/stm32f2xx_hal_flash_ex.o
                                      0xb3458 (size before relaxing)
 .debug_str     0x00000000000ba42c      0x1eb Drivers/STM32F2xx_HAL_Driver/Src/stm32f2xx_hal_gpio.o
                                      0xb3422 (size before relaxing)
 .debug_str     0x00000000000ba617      0x774 Drivers/STM32F2xx_HAL_Driver/Src/stm32f2xx_hal_pcd.o
                                      0xb3bac (size before relaxing)
 .debug_str     0x00000000000bad8b      0x163 Drivers/STM32F2xx_HAL_Driver/Src/stm32f2xx_hal_pcd_ex.o
                                      0xb3571 (size before relaxing)
 .debug_str     0x00000000000baeee      0x22e Drivers/STM32F2xx_HAL_Driver/Src/stm32f2xx_hal_rcc.o
                                      0xb3632 (size before relaxing)
 .debug_str     0x00000000000bb11c      0x423 Drivers/STM32F2xx_HAL_Driver/Src/stm32f2xx_ll_usb.o
                                      0xb3ad2 (size before relaxing)
 .debug_str     0x00000000000bb53f      0x35f Middlewares/ST/STM32_USB_Device_Library/Class/DFU/Src/usbd_dfu.o
                                      0xb899e (size before relaxing)
 .debug_str     0x00000000000bb89e      0x2a5 Middlewares/ST/STM32_USB_Device_Library/Core/Src/usbd_core.o
                                      0xb834c (size before relaxing)
 .debug_str     0x00000000000bbb43      0x103 Middlewares/ST/STM32_USB_Device_Library/Core/Src/usbd_ctlreq.o
                                      0xb8266 (size before relaxing)
 .debug_str     0x00000000000bbc46       0x78 Middlewares/ST/STM32_USB_Device_Library/Core/Src/usbd_ioreq.o
                                      0xb8193 (size before relaxing)
 .debug_str     0x00000000000bbcbe       0xaf USB_DEVICE/App/usb_device.o
                                      0xb8915 (size before relaxing)
 .debug_str     0x00000000000bbd6d      0x254 USB_DEVICE/App/usbd_desc.o
                                      0xb80c4 (size before relaxing)
 .debug_str     0x00000000000bbfc1       0xff USB_DEVICE/App/usbd_dfu_if.o
                                      0xb89e4 (size before relaxing)
 .debug_str     0x00000000000bc0c0       0x83 USB_DEVICE/Target/usbd_conf.o
                                      0xb901a (size before relaxing)

.comment        0x0000000000000000       0x7b
 .comment       0x0000000000000000       0x7b Core/Src/main.o
                                         0x7c (size before relaxing)
 .comment       0x000000000000007b       0x7c Core/Src/stm32f2xx_hal_msp.o
 .comment       0x000000000000007b       0x7c Core/Src/stm32f2xx_it.o
 .comment       0x000000000000007b       0x7c Core/Src/sysmem.o
 .comment       0x000000000000007b       0x7c Core/Src/system_stm32f2xx.o
 .comment       0x000000000000007b       0x7c Drivers/STM32F2xx_HAL_Driver/Src/stm32f2xx_hal.o
 .comment       0x000000000000007b       0x7c Drivers/STM32F2xx_HAL_Driver/Src/stm32f2xx_hal_cortex.o
 .comment       0x000000000000007b       0x7c Drivers/STM32F2xx_HAL_Driver/Src/stm32f2xx_hal_flash.o
 .comment       0x000000000000007b       0x7c Drivers/STM32F2xx_HAL_Driver/Src/stm32f2xx_hal_flash_ex.o
 .comment       0x000000000000007b       0x7c Drivers/STM32F2xx_HAL_Driver/Src/stm32f2xx_hal_gpio.o
 .comment       0x000000000000007b       0x7c Drivers/STM32F2xx_HAL_Driver/Src/stm32f2xx_hal_pcd.o
 .comment       0x000000000000007b       0x7c Drivers/STM32F2xx_HAL_Driver/Src/stm32f2xx_hal_pcd_ex.o
 .comment       0x000000000000007b       0x7c Drivers/STM32F2xx_HAL_Driver/Src/stm32f2xx_hal_rcc.o
 .comment       0x000000000000007b       0x7c Drivers/STM32F2xx_HAL_Driver/Src/stm32f2xx_ll_usb.o
 .comment       0x000000000000007b       0x7c Middlewares/ST/STM32_USB_Device_Library/Class/DFU/Src/usbd_dfu.o
 .comment       0x000000000000007b       0x7c Middlewares/ST/STM32_USB_Device_Library/Core/Src/usbd_core.o
 .comment       0x000000000000007b       0x7c Middlewares/ST/STM32_USB_Device_Library/Core/Src/usbd_ctlreq.o
 .comment       0x000000000000007b       0x7c Middlewares/ST/STM32_USB_Device_Library/Core/Src/usbd_ioreq.o
 .comment       0x000000000000007b       0x7c USB_DEVICE/App/usb_device.o
 .comment       0x000000000000007b       0x7c USB_DEVICE/App/usbd_desc.o
 .comment       0x000000000000007b       0x7c USB_DEVICE/App/usbd_dfu_if.o
 .comment       0x000000000000007b       0x7c USB_DEVICE/Target/usbd_conf.o

.debug_frame    0x0000000000000000     0x1b10
 .debug_frame   0x0000000000000000       0x5c Core/Src/main.o
 .debug_frame   0x000000000000005c       0x28 Core/Src/stm32f2xx_hal_msp.o
 .debug_frame   0x0000000000000084       0xb0 Core/Src/stm32f2xx_it.o
 .debug_frame   0x0000000000000134       0x28 Core/Src/sysmem.o
 .debug_frame   0x000000000000015c       0x38 Core/Src/system_stm32f2xx.o
 .debug_frame   0x0000000000000194      0x1f4 Drivers/STM32F2xx_HAL_Driver/Src/stm32f2xx_hal.o
 .debug_frame   0x0000000000000388      0x158 Drivers/STM32F2xx_HAL_Driver/Src/stm32f2xx_hal_cortex.o