stm32f2xx_hal_pcd.c:271:13:HAL_PCD_MspInit	0	static
stm32f2xx_hal_pcd.c:123:19:HAL_PCD_Init	64	static
stm32f2xx_hal_pcd.c:286:13:HAL_PCD_MspDeInit	0	static
stm32f2xx_hal_pcd.c:836:19:HAL_PCD_Start	8	static
stm32f2xx_hal_pcd.c:850:19:HAL_PCD_Stop	16	static
stm32f2xx_hal_pcd.c:235:19:HAL_PCD_DeInit	8	static
stm32f2xx_hal_pcd.c:1224:13:HAL_PCD_DataOutStageCallback	0	static
stm32f2xx_hal_pcd.c:1241:13:HAL_PCD_DataInStageCallback	0	static
stm32f2xx_hal_pcd.c:1256:13:HAL_PCD_SetupStageCallback	0	static
stm32f2xx_hal_pcd.c:1271:13:HAL_PCD_SOFCallback	0	static
stm32f2xx_hal_pcd.c:1286:13:HAL_PCD_ResetCallback	0	static
stm32f2xx_hal_pcd.c:1301:13:HAL_PCD_SuspendCallback	0	static
stm32f2xx_hal_pcd.c:1316:13:HAL_PCD_ResumeCallback	0	static
stm32f2xx_hal_pcd.c:1332:13:HAL_PCD_ISOOUTIncompleteCallback	0	static
stm32f2xx_hal_pcd.c:1349:13:HAL_PCD_ISOINIncompleteCallback	0	static
stm32f2xx_hal_pcd.c:1365:13:HAL_PCD_ConnectCallback	0	static
stm32f2xx_hal_pcd.c:1380:13:HAL_PCD_DisconnectCallback	0	static
stm32f2xx_hal_pcd.c:872:6:HAL_PCD_IRQHandler	64	static
stm32f2xx_hal_pcd.c:1414:19:HAL_PCD_DevConnect	8	static
stm32f2xx_hal_pcd.c:1427:19:HAL_PCD_DevDisconnect	8	static
stm32f2xx_hal_pcd.c:1441:19:HAL_PCD_SetAddress	8	static
stm32f2xx_hal_pcd.c:1457:19:HAL_PCD_EP_Open	16	static
stm32f2xx_hal_pcd.c:1501:19:HAL_PCD_EP_Close	8	static
stm32f2xx_hal_pcd.c:1532:19:HAL_PCD_EP_Receive	16	static
stm32f2xx_hal_pcd.c:1568:10:HAL_PCD_EP_GetRxCount	0	static
stm32f2xx_hal_pcd.c:1580:19:HAL_PCD_EP_Transmit	16	static
stm32f2xx_hal_pcd.c:1616:19:HAL_PCD_EP_SetStall	16	static
stm32f2xx_hal_pcd.c:1657:19:HAL_PCD_EP_ClrStall	16	static
stm32f2xx_hal_pcd.c:1693:19:HAL_PCD_EP_Flush	8	static
stm32f2xx_hal_pcd.c:1716:19:HAL_PCD_ActivateRemoteWakeup	0	static
stm32f2xx_hal_pcd.c:1726:19:HAL_PCD_DeActivateRemoteWakeup	0	static
stm32f2xx_hal_pcd.c:1755:18:HAL_PCD_GetState	0	static
