stm32f2xx_ll_usb.c:1279:26:USB_CoreReset	0	static
stm32f2xx_ll_usb.c:82:19:USB_CoreInit	16	static
stm32f2xx_ll_usb.c:130:19:USB_SetTurnaroundTime	0	static
stm32f2xx_ll_usb.c:213:19:USB_EnableGlobalInt	0	static
stm32f2xx_ll_usb.c:225:19:USB_DisableGlobalInt	0	static
stm32f2xx_ll_usb.c:241:19:USB_SetCurrentMode	8	static
stm32f2xx_ll_usb.c:436:19:USB_FlushTxFifo	0	static
stm32f2xx_ll_usb.c:459:19:USB_FlushRxFifo	0	static
stm32f2xx_ll_usb.c:488:19:USB_SetDevSpeed	0	static
stm32f2xx_ll_usb.c:270:19:USB_DevInit	32	static
stm32f2xx_ll_usb.c:504:9:USB_GetDevSpeed	0	static
stm32f2xx_ll_usb.c:533:19:USB_ActivateEndpoint	12	static
stm32f2xx_ll_usb.c:571:19:USB_ActivateDedicatedEndpoint	20	static
stm32f2xx_ll_usb.c:610:19:USB_DeactivateEndpoint	12	static
stm32f2xx_ll_usb.c:645:19:USB_DeactivateDedicatedEndpoint	8	static
stm32f2xx_ll_usb.c:817:19:USB_EP0StartXfer	20	static
stm32f2xx_ll_usb.c:917:19:USB_WritePacket	8	static
stm32f2xx_ll_usb.c:675:19:USB_EPStartXfer	32	static
stm32f2xx_ll_usb.c:943:7:USB_ReadPacket	0	static
stm32f2xx_ll_usb.c:965:19:USB_EPSetStall	0	static
stm32f2xx_ll_usb.c:996:19:USB_EPClearStall	0	static
stm32f2xx_ll_usb.c:1025:19:USB_StopDevice	8	static
stm32f2xx_ll_usb.c:1066:20:USB_SetDevAddress	0	static
stm32f2xx_ll_usb.c:1081:20:USB_DevConnect	8	static
stm32f2xx_ll_usb.c:1096:20:USB_DevDisconnect	8	static
stm32f2xx_ll_usb.c:1111:11:USB_ReadInterrupts	0	static
stm32f2xx_ll_usb.c:1126:10:USB_ReadDevAllOutEpInterrupt	0	static
stm32f2xx_ll_usb.c:1142:10:USB_ReadDevAllInEpInterrupt	0	static
stm32f2xx_ll_usb.c:1160:10:USB_ReadDevOutEPInterrupt	0	static
stm32f2xx_ll_usb.c:1178:10:USB_ReadDevInEPInterrupt	8	static
stm32f2xx_ll_usb.c:1197:7:USB_ClearInterrupts	0	static
stm32f2xx_ll_usb.c:1210:10:USB_GetMode	0	static
stm32f2xx_ll_usb.c:1220:20:USB_ActivateSetup	0	static
stm32f2xx_ll_usb.c:1246:19:USB_EP0_OutStart	12	static
stm32f2xx_ll_usb.c:1410:19:USB_InitFSLSPClkSel	8	static
stm32f2xx_ll_usb.c:1440:19:USB_ResetPort	24	static
stm32f2xx_ll_usb.c:1467:19:USB_DriveVbus	8	static
stm32f2xx_ll_usb.c:1317:19:USB_HostInit	16	static
stm32f2xx_ll_usb.c:1497:10:USB_GetHostSpeed	8	static
stm32f2xx_ll_usb.c:1511:10:USB_GetCurrentFrame	0	static
stm32f2xx_ll_usb.c:1542:19:USB_HC_Init	24	static
stm32f2xx_ll_usb.c:1791:10:USB_HC_ReadInterrupt	0	static
stm32f2xx_ll_usb.c:1805:19:USB_HC_Halt	0	static
stm32f2xx_ll_usb.c:1870:19:USB_DoPing	0	static
stm32f2xx_ll_usb.c:1663:19:USB_HC_StartXfer	32	static
stm32f2xx_ll_usb.c:1894:19:USB_StopHost	8	static
stm32f2xx_ll_usb.c:1950:19:USB_ActivateRemoteWakeup	0	static
stm32f2xx_ll_usb.c:1968:19:USB_DeActivateRemoteWakeup	0	static
